2026-08-27 04:15:52,119 INFO 2004 fbs (group 80): 117 teams
2026-08-27 04:15:52,276 INFO 2004 fcs (group 81): 127 teams
2026-08-27 04:15:59,013 INFO 2004: 244 teams, 39 conferences, 0 incomplete
2026-08-27 04:15:59,099 INFO 2004: wrote cfb\teams\json\2004.json
2026-08-27 06:05:49,017 INFO 2004 root (group 99): 484 teams
2026-08-27 06:05:49,159 INFO 2004 ncaa_division_i (group 90): 244 teams
2026-08-27 06:05:49,302 INFO 2004 fbs (group 80): 117 teams
2026-08-27 06:05:49,454 INFO 2004 fcs (group 81): 127 teams
2026-08-27 06:05:49,604 INFO 2004 division_ii_iii (group 35): 240 teams
2026-08-27 06:05:49,750 INFO 2004 ncaa_division_ii (group 57): 0 teams
2026-08-27 06:05:49,891 INFO 2004 ncaa_division_iii (group 58): 0 teams
2026-08-27 06:05:50,034 INFO 2004 all_star (group 36): 0 teams
2026-08-27 06:05:50,103 INFO 2004: 484 teams (244 reused, 240 to fetch)
2026-08-27 06:05:57,066 INFO 2004: 484 teams, 43 conferences, 0 incomplete
2026-08-27 06:05:57,286 INFO 2004: wrote cfb\teams\json\2004.json
2026-08-27 06:14:21,138 INFO 2004 root (group 99): 484 teams
2026-08-27 06:14:21,270 INFO 2004 ncaa_division_i (group 90): 244 teams
2026-08-27 06:14:21,400 INFO 2004 fbs (group 80): 117 teams
2026-08-27 06:14:21,530 INFO 2004 fcs (group 81): 127 teams
2026-08-27 06:14:21,660 INFO 2004 division_ii_iii (group 35): 240 teams
2026-08-27 06:14:21,792 INFO 2004 ncaa_division_ii (group 57): 0 teams
2026-08-27 06:14:21,921 INFO 2004 ncaa_division_iii (group 58): 0 teams
2026-08-27 06:14:22,053 INFO 2004 all_star (group 36): 0 teams
2026-08-27 06:14:22,188 INFO 2004 naia (group 186): 0 teams
2026-08-27 06:14:22,259 INFO 2004: 484 teams (484 reused, 0 to fetch)
2026-08-27 06:14:22,259 INFO 2004: 484 teams, 43 conferences, 0 incomplete
2026-08-27 06:14:22,424 INFO 2004: wrote cfb\teams\json\2004.json
