2026-08-27 04:18:17,426 INFO 2024 fbs (group 80): 144 teams
2026-08-27 04:18:17,570 INFO 2024 fcs (group 81): 131 teams
2026-08-27 04:18:25,229 INFO 2024: 275 teams, 29 conferences, 0 incomplete
2026-08-27 04:18:25,399 INFO 2024: wrote cfb\teams\json\2024.json
2026-08-27 06:10:29,863 INFO 2024 root (group 99): 804 teams
2026-08-27 06:10:30,010 INFO 2024 ncaa_division_i (group 90): 265 teams
2026-08-27 06:10:30,156 INFO 2024 fbs (group 80): 144 teams
2026-08-27 06:10:30,299 INFO 2024 fcs (group 81): 131 teams
2026-08-27 06:10:30,449 INFO 2024 division_ii_iii (group 35): 403 teams
2026-08-27 06:10:30,593 INFO 2024 ncaa_division_ii (group 57): 168 teams
2026-08-27 06:10:30,738 INFO 2024 ncaa_division_iii (group 58): 235 teams
2026-08-27 06:10:30,884 INFO 2024 all_star (group 36): 0 teams
2026-08-27 06:10:30,955 INFO 2024: 817 teams (275 reused, 542 to fetch)
2026-08-27 06:10:46,981 INFO 2024: 817 teams, 84 conferences, 0 incomplete
2026-08-27 06:10:47,305 INFO 2024: wrote cfb\teams\json\2024.json
2026-08-27 06:14:50,241 INFO 2024 root (group 99): 804 teams
2026-08-27 06:14:50,379 INFO 2024 ncaa_division_i (group 90): 265 teams
2026-08-27 06:14:50,514 INFO 2024 fbs (group 80): 144 teams
2026-08-27 06:14:50,645 INFO 2024 fcs (group 81): 131 teams
2026-08-27 06:14:50,777 INFO 2024 division_ii_iii (group 35): 403 teams
2026-08-27 06:14:50,909 INFO 2024 ncaa_division_ii (group 57): 168 teams
2026-08-27 06:14:51,043 INFO 2024 ncaa_division_iii (group 58): 235 teams
2026-08-27 06:14:51,180 INFO 2024 all_star (group 36): 0 teams
2026-08-27 06:14:51,310 INFO 2024 naia (group 186): 128 teams
2026-08-27 06:14:51,380 INFO 2024: 817 teams (817 reused, 0 to fetch)
2026-08-27 06:14:51,381 INFO 2024: 817 teams, 84 conferences, 0 incomplete
2026-08-27 06:14:51,569 INFO 2024: wrote cfb\teams\json\2024.json
