2026-08-27 04:16:42,452 INFO 2011 fbs (group 80): 128 teams
2026-08-27 04:16:42,594 INFO 2011 fcs (group 81): 127 teams
2026-08-27 04:16:49,639 INFO 2011: 255 teams, 41 conferences, 0 incomplete
2026-08-27 04:16:49,732 INFO 2011: wrote cfb\teams\json\2011.json
2026-08-27 06:07:04,046 INFO 2011 root (group 99): 711 teams
2026-08-27 06:07:04,191 INFO 2011 ncaa_division_i (group 90): 255 teams
2026-08-27 06:07:04,329 INFO 2011 fbs (group 80): 128 teams
2026-08-27 06:07:04,472 INFO 2011 fcs (group 81): 127 teams
2026-08-27 06:07:04,620 INFO 2011 division_ii_iii (group 35): 456 teams
2026-08-27 06:07:04,766 INFO 2011 ncaa_division_ii (group 57): 153 teams
2026-08-27 06:07:04,909 INFO 2011 ncaa_division_iii (group 58): 241 teams
2026-08-27 06:07:05,048 INFO 2011 all_star (group 36): 0 teams
2026-08-27 06:07:05,120 INFO 2011: 713 teams (255 reused, 458 to fetch)
2026-08-27 06:07:18,660 INFO 2011: 713 teams, 93 conferences, 0 incomplete
2026-08-27 06:07:18,970 INFO 2011: wrote cfb\teams\json\2011.json
2026-08-27 06:14:30,982 INFO 2011 root (group 99): 711 teams
2026-08-27 06:14:31,113 INFO 2011 ncaa_division_i (group 90): 255 teams
2026-08-27 06:14:31,249 INFO 2011 fbs (group 80): 128 teams
2026-08-27 06:14:31,378 INFO 2011 fcs (group 81): 127 teams
2026-08-27 06:14:31,509 INFO 2011 division_ii_iii (group 35): 456 teams
2026-08-27 06:14:31,639 INFO 2011 ncaa_division_ii (group 57): 153 teams
2026-08-27 06:14:31,768 INFO 2011 ncaa_division_iii (group 58): 241 teams
2026-08-27 06:14:31,900 INFO 2011 all_star (group 36): 0 teams
2026-08-27 06:14:32,034 INFO 2011 naia (group 186): 0 teams
2026-08-27 06:14:32,103 INFO 2011: 713 teams (713 reused, 0 to fetch)
2026-08-27 06:14:32,104 INFO 2011: 713 teams, 93 conferences, 0 incomplete
2026-08-27 06:14:32,273 INFO 2011: wrote cfb\teams\json\2011.json
