2026-08-27 04:17:44,218 INFO 2019 fbs (group 80): 140 teams
2026-08-27 04:17:44,374 INFO 2019 fcs (group 81): 126 teams
2026-08-27 04:17:52,269 INFO 2019: 266 teams, 45 conferences, 0 incomplete
2026-08-27 04:17:52,420 INFO 2019: wrote cfb\teams\json\2019.json
2026-08-27 06:09:18,933 INFO 2019 root (group 99): 780 teams
2026-08-27 06:09:19,077 INFO 2019 ncaa_division_i (group 90): 266 teams
2026-08-27 06:09:19,215 INFO 2019 fbs (group 80): 140 teams
2026-08-27 06:09:19,362 INFO 2019 fcs (group 81): 126 teams
2026-08-27 06:09:19,510 INFO 2019 division_ii_iii (group 35): 513 teams
2026-08-27 06:09:19,671 INFO 2019 ncaa_division_ii (group 57): 159 teams
2026-08-27 06:09:19,821 INFO 2019 ncaa_division_iii (group 58): 249 teams
2026-08-27 06:09:20,005 INFO 2019 all_star (group 36): 0 teams
2026-08-27 06:09:20,236 INFO 2019: 781 teams (266 reused, 515 to fetch)
2026-08-27 06:09:35,788 INFO 2019: 781 teams, 108 conferences, 0 incomplete
2026-08-27 06:09:36,215 INFO 2019: wrote cfb\teams\json\2019.json
2026-08-27 06:14:42,840 INFO 2019 root (group 99): 780 teams
2026-08-27 06:14:42,980 INFO 2019 ncaa_division_i (group 90): 266 teams
2026-08-27 06:14:43,113 INFO 2019 fbs (group 80): 140 teams
2026-08-27 06:14:43,268 INFO 2019 fcs (group 81): 126 teams
2026-08-27 06:14:43,399 INFO 2019 division_ii_iii (group 35): 513 teams
2026-08-27 06:14:43,529 INFO 2019 ncaa_division_ii (group 57): 159 teams
2026-08-27 06:14:43,668 INFO 2019 ncaa_division_iii (group 58): 249 teams
2026-08-27 06:14:43,799 INFO 2019 all_star (group 36): 0 teams
2026-08-27 06:14:43,939 INFO 2019 naia (group 186): 0 teams
2026-08-27 06:14:44,007 INFO 2019: 781 teams (781 reused, 0 to fetch)
2026-08-27 06:14:44,008 INFO 2019: 781 teams, 108 conferences, 0 incomplete
2026-08-27 06:14:44,186 INFO 2019: wrote cfb\teams\json\2019.json
