2026-06-17 11:45:19,300 INFO schedules 2016: 879 games
2026-06-17 11:45:21,245 INFO season 2016: 3 hollow/missing games to rescrape
cfb 2016:   0%|          | 0/3 [00:00<?, ?it/s]2026-06-17 11:45:23,894 ERROR extra fetch failed: _rosters(400869019,)
Traceback (most recent call last):
  File "C:\Users\saiem\Documents\GitHub-Data\sdv-dev\cfbfastR-dev\cfbfastR-cfb-raw\python\_cfb_raw_utils.py", line 106, in _safe
    return fn(*args, **kwargs)
           ^^^^^^^^^^^^^^^^^^^
  File "C:\Users\saiem\Documents\GitHub-Data\sdv-dev\cfbfastR-dev\cfbfastR-cfb-raw\python\scrape_cfb_json.py", line 42, in _rosters
    return sdv.cfb.espn_cfb_game_rosters(
           ^^^^^^^^^^^^^^^^^^^^^^^^^^^^^^
  File "C:\Users\saiem\Documents\GitHub-Data\sdv-dev\cfbfastR-dev\cfbfastR-cfb-raw\.venv\Lib\site-packages\sportsdataverse\cfb\cfb_game_rosters.py", line 66, in espn_cfb_game_rosters
    team_rosters = helper_cfb_roster_items(items=items, summary_url=summary_url, **kwargs)
                   ^^^^^^^^^^^^^^^^^^^^^^^^^^^^^^^^^^^^^^^^^^^^^^^^^^^^^^^^^^^^^^^^^^^^^^^
  File "C:\Users\saiem\Documents\GitHub-Data\sdv-dev\cfbfastR-dev\cfbfastR-cfb-raw\.venv\Lib\site-packages\sportsdataverse\cfb\cfb_game_rosters.py", line 209, in helper_cfb_roster_items
    raise NoESPNDataError(f"NoESPNDataError: No roster data found for any team at {summary_url}")
sportsdataverse.errors.NoESPNDataError: NoESPNDataError: No roster data found for any team at https://sports.core.api.espn.com/v2/sports/football/leagues/college-football/events/400869019/competitions/400869019/competitors
ERROR:cfb_json_2016:extra fetch failed: _rosters(400869019,)
Traceback (most recent call last):
  File "C:\Users\saiem\Documents\GitHub-Data\sdv-dev\cfbfastR-dev\cfbfastR-cfb-raw\python\_cfb_raw_utils.py", line 106, in _safe
    return fn(*args, **kwargs)
           ^^^^^^^^^^^^^^^^^^^
  File "C:\Users\saiem\Documents\GitHub-Data\sdv-dev\cfbfastR-dev\cfbfastR-cfb-raw\python\scrape_cfb_json.py", line 42, in _rosters
    return sdv.cfb.espn_cfb_game_rosters(
           ^^^^^^^^^^^^^^^^^^^^^^^^^^^^^^
  File "C:\Users\saiem\Documents\GitHub-Data\sdv-dev\cfbfastR-dev\cfbfastR-cfb-raw\.venv\Lib\site-packages\sportsdataverse\cfb\cfb_game_rosters.py", line 66, in espn_cfb_game_rosters
    team_rosters = helper_cfb_roster_items(items=items, summary_url=summary_url, **kwargs)
                   ^^^^^^^^^^^^^^^^^^^^^^^^^^^^^^^^^^^^^^^^^^^^^^^^^^^^^^^^^^^^^^^^^^^^^^^
  File "C:\Users\saiem\Documents\GitHub-Data\sdv-dev\cfbfastR-dev\cfbfastR-cfb-raw\.venv\Lib\site-packages\sportsdataverse\cfb\cfb_game_rosters.py", line 209, in helper_cfb_roster_items
    raise NoESPNDataError(f"NoESPNDataError: No roster data found for any team at {summary_url}")
sportsdataverse.errors.NoESPNDataError: NoESPNDataError: No roster data found for any team at https://sports.core.api.espn.com/v2/sports/football/leagues/college-football/events/400869019/competitions/400869019/competitors
2026-06-17 11:45:23,894 ERROR extra fetch failed: _rosters(400869537,)
Traceback (most recent call last):
  File "C:\Users\saiem\Documents\GitHub-Data\sdv-dev\cfbfastR-dev\cfbfastR-cfb-raw\.venv\Lib\site-packages\polars\_utils\construction\series.py", line 355, in _construct_series_with_fallbacks
    return constructor(name, values, strict)
           ^^^^^^^^^^^^^^^^^^^^^^^^^^^^^^^^^
TypeError: 'str' object cannot be interpreted as an integer

During handling of the above exception, another exception occurred:

Traceback (most recent call last):
  File "C:\Users\saiem\Documents\GitHub-Data\sdv-dev\cfbfastR-dev\cfbfastR-cfb-raw\.venv\Lib\site-packages\polars\_utils\getitem.py", line 167, in get_df_item_by_key
    return _select_rows(df, key)  # type: ignore[arg-type]
           ^^^^^^^^^^^^^^^^^^^^^
  File "C:\Users\saiem\Documents\GitHub-Data\sdv-dev\cfbfastR-dev\cfbfastR-cfb-raw\.venv\Lib\site-packages\polars\_utils\getitem.py", line 314, in _select_rows
    s = pl.Series("", key, dtype=Int64)
        ^^^^^^^^^^^^^^^^^^^^^^^^^^^^^^^
  File "C:\Users\saiem\Documents\GitHub-Data\sdv-dev\cfbfastR-dev\cfbfastR-cfb-raw\.venv\Lib\site-packages\polars\series\series.py", line 296, in __init__
    self._s = sequence_to_pyseries(
              ^^^^^^^^^^^^^^^^^^^^^
  File "C:\Users\saiem\Documents\GitHub-Data\sdv-dev\cfbfastR-dev\cfbfastR-cfb-raw\.venv\Lib\site-packages\polars\_utils\construction\series.py", line 164, in sequence_to_pyseries
    pyseries = _construct_series_with_fallbacks(
               ^^^^^^^^^^^^^^^^^^^^^^^^^^^^^^^^^
  File "C:\Users\saiem\Documents\GitHub-Data\sdv-dev\cfbfastR-dev\cfbfastR-cfb-raw\.venv\Lib\site-packages\polars\_utils\construction\series.py", line 370, in _construct_series_with_fallbacks
    return PySeries.new_from_any_values_and_dtype(
           ^^^^^^^^^^^^^^^^^^^^^^^^^^^^^^^^^^^^^^^
TypeError: unexpected value while building Series of type Int64; found value of type String: "team_id"

Hint: Try setting `strict=False` to allow passing data with mixed types.

During handling of the above exception, another exception occurred:

Traceback (most recent call last):
  File "C:\Users\saiem\Documents\GitHub-Data\sdv-dev\cfbfastR-dev\cfbfastR-cfb-raw\python\_cfb_raw_utils.py", line 106, in _safe
    return fn(*args, **kwargs)
           ^^^^^^^^^^^^^^^^^^^
  File "C:\Users\saiem\Documents\GitHub-Data\sdv-dev\cfbfastR-dev\cfbfastR-cfb-raw\python\scrape_cfb_json.py", line 42, in _rosters
    return sdv.cfb.espn_cfb_game_rosters(
           ^^^^^^^^^^^^^^^^^^^^^^^^^^^^^^
  File "C:\Users\saiem\Documents\GitHub-Data\sdv-dev\cfbfastR-dev\cfbfastR-cfb-raw\.venv\Lib\site-packages\sportsdataverse\cfb\cfb_game_rosters.py", line 67, in espn_cfb_game_rosters
    team_rosters = team_rosters.join(items[["team_id", "order", "home_away", "winner"]], how="left", on="team_id")
                                     ~~~~~^^^^^^^^^^^^^^^^^^^^^^^^^^^^^^^^^^^^^^^^^^^^^
  File "C:\Users\saiem\Documents\GitHub-Data\sdv-dev\cfbfastR-dev\cfbfastR-cfb-raw\.venv\Lib\site-packages\polars\dataframe\frame.py", line 1441, in __getitem__
    return get_df_item_by_key(self, key)
           ^^^^^^^^^^^^^^^^^^^^^^^^^^^^^
  File "C:\Users\saiem\Documents\GitHub-Data\sdv-dev\cfbfastR-dev\cfbfastR-cfb-raw\.venv\Lib\site-packages\polars\_utils\getitem.py", line 169, in get_df_item_by_key
    return _select_columns(df, key)
           ^^^^^^^^^^^^^^^^^^^^^^^^
  File "C:\Users\saiem\Documents\GitHub-Data\sdv-dev\cfbfastR-dev\cfbfastR-cfb-raw\.venv\Lib\site-packages\polars\_utils\getitem.py", line 217, in _select_columns
    return _select_columns_by_name(df, key)  # type: ignore[arg-type]
           ^^^^^^^^^^^^^^^^^^^^^^^^^^^^^^^^
  File "C:\Users\saiem\Documents\GitHub-Data\sdv-dev\cfbfastR-dev\cfbfastR-cfb-raw\.venv\Lib\site-packages\polars\_utils\getitem.py", line 269, in _select_columns_by_name
    return df._from_pydf(df._df.select(list(key)))
                         ^^^^^^^^^^^^^^^^^^^^^^^^
polars.exceptions.ColumnNotFoundError: "winner" not found
ERROR:cfb_json_2016:extra fetch failed: _rosters(400869537,)
Traceback (most recent call last):
  File "C:\Users\saiem\Documents\GitHub-Data\sdv-dev\cfbfastR-dev\cfbfastR-cfb-raw\.venv\Lib\site-packages\polars\_utils\construction\series.py", line 355, in _construct_series_with_fallbacks
    return constructor(name, values, strict)
           ^^^^^^^^^^^^^^^^^^^^^^^^^^^^^^^^^
TypeError: 'str' object cannot be interpreted as an integer

During handling of the above exception, another exception occurred:

Traceback (most recent call last):
  File "C:\Users\saiem\Documents\GitHub-Data\sdv-dev\cfbfastR-dev\cfbfastR-cfb-raw\.venv\Lib\site-packages\polars\_utils\getitem.py", line 167, in get_df_item_by_key
    return _select_rows(df, key)  # type: ignore[arg-type]
           ^^^^^^^^^^^^^^^^^^^^^
  File "C:\Users\saiem\Documents\GitHub-Data\sdv-dev\cfbfastR-dev\cfbfastR-cfb-raw\.venv\Lib\site-packages\polars\_utils\getitem.py", line 314, in _select_rows
    s = pl.Series("", key, dtype=Int64)
        ^^^^^^^^^^^^^^^^^^^^^^^^^^^^^^^
  File "C:\Users\saiem\Documents\GitHub-Data\sdv-dev\cfbfastR-dev\cfbfastR-cfb-raw\.venv\Lib\site-packages\polars\series\series.py", line 296, in __init__
    self._s = sequence_to_pyseries(
              ^^^^^^^^^^^^^^^^^^^^^
  File "C:\Users\saiem\Documents\GitHub-Data\sdv-dev\cfbfastR-dev\cfbfastR-cfb-raw\.venv\Lib\site-packages\polars\_utils\construction\series.py", line 164, in sequence_to_pyseries
    pyseries = _construct_series_with_fallbacks(
               ^^^^^^^^^^^^^^^^^^^^^^^^^^^^^^^^^
  File "C:\Users\saiem\Documents\GitHub-Data\sdv-dev\cfbfastR-dev\cfbfastR-cfb-raw\.venv\Lib\site-packages\polars\_utils\construction\series.py", line 370, in _construct_series_with_fallbacks
    return PySeries.new_from_any_values_and_dtype(
           ^^^^^^^^^^^^^^^^^^^^^^^^^^^^^^^^^^^^^^^
TypeError: unexpected value while building Series of type Int64; found value of type String: "team_id"

Hint: Try setting `strict=False` to allow passing data with mixed types.

During handling of the above exception, another exception occurred:

Traceback (most recent call last):
  File "C:\Users\saiem\Documents\GitHub-Data\sdv-dev\cfbfastR-dev\cfbfastR-cfb-raw\python\_cfb_raw_utils.py", line 106, in _safe
    return fn(*args, **kwargs)
           ^^^^^^^^^^^^^^^^^^^
  File "C:\Users\saiem\Documents\GitHub-Data\sdv-dev\cfbfastR-dev\cfbfastR-cfb-raw\python\scrape_cfb_json.py", line 42, in _rosters
    return sdv.cfb.espn_cfb_game_rosters(
           ^^^^^^^^^^^^^^^^^^^^^^^^^^^^^^
  File "C:\Users\saiem\Documents\GitHub-Data\sdv-dev\cfbfastR-dev\cfbfastR-cfb-raw\.venv\Lib\site-packages\sportsdataverse\cfb\cfb_game_rosters.py", line 67, in espn_cfb_game_rosters
    team_rosters = team_rosters.join(items[["team_id", "order", "home_away", "winner"]], how="left", on="team_id")
                                     ~~~~~^^^^^^^^^^^^^^^^^^^^^^^^^^^^^^^^^^^^^^^^^^^^^
  File "C:\Users\saiem\Documents\GitHub-Data\sdv-dev\cfbfastR-dev\cfbfastR-cfb-raw\.venv\Lib\site-packages\polars\dataframe\frame.py", line 1441, in __getitem__
    return get_df_item_by_key(self, key)
           ^^^^^^^^^^^^^^^^^^^^^^^^^^^^^
  File "C:\Users\saiem\Documents\GitHub-Data\sdv-dev\cfbfastR-dev\cfbfastR-cfb-raw\.venv\Lib\site-packages\polars\_utils\getitem.py", line 169, in get_df_item_by_key
    return _select_columns(df, key)
           ^^^^^^^^^^^^^^^^^^^^^^^^
  File "C:\Users\saiem\Documents\GitHub-Data\sdv-dev\cfbfastR-dev\cfbfastR-cfb-raw\.venv\Lib\site-packages\polars\_utils\getitem.py", line 217, in _select_columns
    return _select_columns_by_name(df, key)  # type: ignore[arg-type]
           ^^^^^^^^^^^^^^^^^^^^^^^^^^^^^^^^
  File "C:\Users\saiem\Documents\GitHub-Data\sdv-dev\cfbfastR-dev\cfbfastR-cfb-raw\.venv\Lib\site-packages\polars\_utils\getitem.py", line 269, in _select_columns_by_name
    return df._from_pydf(df._df.select(list(key)))
                         ^^^^^^^^^^^^^^^^^^^^^^^^
polars.exceptions.ColumnNotFoundError: "winner" not found
2026-06-17 11:45:23,942 ERROR extra fetch failed: _rosters(400869532,)
Traceback (most recent call last):
  File "C:\Users\saiem\Documents\GitHub-Data\sdv-dev\cfbfastR-dev\cfbfastR-cfb-raw\python\_cfb_raw_utils.py", line 106, in _safe
    return fn(*args, **kwargs)
           ^^^^^^^^^^^^^^^^^^^
  File "C:\Users\saiem\Documents\GitHub-Data\sdv-dev\cfbfastR-dev\cfbfastR-cfb-raw\python\scrape_cfb_json.py", line 42, in _rosters
    return sdv.cfb.espn_cfb_game_rosters(
           ^^^^^^^^^^^^^^^^^^^^^^^^^^^^^^
  File "C:\Users\saiem\Documents\GitHub-Data\sdv-dev\cfbfastR-dev\cfbfastR-cfb-raw\.venv\Lib\site-packages\sportsdataverse\cfb\cfb_game_rosters.py", line 66, in espn_cfb_game_rosters
    team_rosters = helper_cfb_roster_items(items=items, summary_url=summary_url, **kwargs)
                   ^^^^^^^^^^^^^^^^^^^^^^^^^^^^^^^^^^^^^^^^^^^^^^^^^^^^^^^^^^^^^^^^^^^^^^^
  File "C:\Users\saiem\Documents\GitHub-Data\sdv-dev\cfbfastR-dev\cfbfastR-cfb-raw\.venv\Lib\site-packages\sportsdataverse\cfb\cfb_game_rosters.py", line 209, in helper_cfb_roster_items
    raise NoESPNDataError(f"NoESPNDataError: No roster data found for any team at {summary_url}")
sportsdataverse.errors.NoESPNDataError: NoESPNDataError: No roster data found for any team at https://sports.core.api.espn.com/v2/sports/football/leagues/college-football/events/400869532/competitions/400869532/competitors
ERROR:cfb_json_2016:extra fetch failed: _rosters(400869532,)
Traceback (most recent call last):
  File "C:\Users\saiem\Documents\GitHub-Data\sdv-dev\cfbfastR-dev\cfbfastR-cfb-raw\python\_cfb_raw_utils.py", line 106, in _safe
    return fn(*args, **kwargs)
           ^^^^^^^^^^^^^^^^^^^
  File "C:\Users\saiem\Documents\GitHub-Data\sdv-dev\cfbfastR-dev\cfbfastR-cfb-raw\python\scrape_cfb_json.py", line 42, in _rosters
    return sdv.cfb.espn_cfb_game_rosters(
           ^^^^^^^^^^^^^^^^^^^^^^^^^^^^^^
  File "C:\Users\saiem\Documents\GitHub-Data\sdv-dev\cfbfastR-dev\cfbfastR-cfb-raw\.venv\Lib\site-packages\sportsdataverse\cfb\cfb_game_rosters.py", line 66, in espn_cfb_game_rosters
    team_rosters = helper_cfb_roster_items(items=items, summary_url=summary_url, **kwargs)
                   ^^^^^^^^^^^^^^^^^^^^^^^^^^^^^^^^^^^^^^^^^^^^^^^^^^^^^^^^^^^^^^^^^^^^^^^
  File "C:\Users\saiem\Documents\GitHub-Data\sdv-dev\cfbfastR-dev\cfbfastR-cfb-raw\.venv\Lib\site-packages\sportsdataverse\cfb\cfb_game_rosters.py", line 209, in helper_cfb_roster_items
    raise NoESPNDataError(f"NoESPNDataError: No roster data found for any team at {summary_url}")
sportsdataverse.errors.NoESPNDataError: NoESPNDataError: No roster data found for any team at https://sports.core.api.espn.com/v2/sports/football/leagues/college-football/events/400869532/competitions/400869532/competitors
cfb 2016:  33%|###3      | 1/3 [00:02<00:05,  2.78s/it]cfb 2016: 100%|##########| 3/3 [00:02<00:00,  1.05it/s]
[main aa17b0c2c] CFB Raw Update (Start: 2016 End: 2016)
 3 files changed, 2 insertions(+), 2 deletions(-)
To https://github.com/sportsdataverse/cfbfastR-cfb-raw.git
   d3cf5b46e..aa17b0c2c  main -> main
