2026-08-27 04:16:13,242 INFO 2007 fbs (group 80): 120 teams
2026-08-27 04:16:13,386 INFO 2007 fcs (group 81): 122 teams
2026-08-27 04:16:20,243 INFO 2007: 242 teams, 40 conferences, 0 incomplete
2026-08-27 04:16:20,341 INFO 2007: wrote cfb\teams\json\2007.json
2026-08-27 06:06:08,192 INFO 2007 root (group 99): 633 teams
2026-08-27 06:06:08,340 INFO 2007 ncaa_division_i (group 90): 242 teams
2026-08-27 06:06:08,482 INFO 2007 fbs (group 80): 120 teams
2026-08-27 06:06:08,630 INFO 2007 fcs (group 81): 122 teams
2026-08-27 06:06:08,773 INFO 2007 division_ii_iii (group 35): 391 teams
2026-08-27 06:06:08,912 INFO 2007 ncaa_division_ii (group 57): 0 teams
2026-08-27 06:06:09,073 INFO 2007 ncaa_division_iii (group 58): 0 teams
2026-08-27 06:06:09,220 INFO 2007 all_star (group 36): 0 teams
2026-08-27 06:06:09,291 INFO 2007: 633 teams (242 reused, 391 to fetch)
2026-08-27 06:06:20,585 INFO 2007: 633 teams, 44 conferences, 0 incomplete
2026-08-27 06:06:20,736 INFO 2007: wrote cfb\teams\json\2007.json
2026-08-27 06:14:25,216 INFO 2007 root (group 99): 633 teams
2026-08-27 06:14:25,359 INFO 2007 ncaa_division_i (group 90): 242 teams
2026-08-27 06:14:25,501 INFO 2007 fbs (group 80): 120 teams
2026-08-27 06:14:25,636 INFO 2007 fcs (group 81): 122 teams
2026-08-27 06:14:25,767 INFO 2007 division_ii_iii (group 35): 391 teams
2026-08-27 06:14:25,897 INFO 2007 ncaa_division_ii (group 57): 0 teams
2026-08-27 06:14:26,028 INFO 2007 ncaa_division_iii (group 58): 0 teams
2026-08-27 06:14:26,164 INFO 2007 all_star (group 36): 0 teams
2026-08-27 06:14:26,299 INFO 2007 naia (group 186): 0 teams
2026-08-27 06:14:26,376 INFO 2007: 633 teams (633 reused, 0 to fetch)
2026-08-27 06:14:26,377 INFO 2007: 633 teams, 44 conferences, 0 incomplete
2026-08-27 06:14:26,525 INFO 2007: wrote cfb\teams\json\2007.json
