2026-08-27 04:16:20,416 INFO 2008 fbs (group 80): 124 teams
2026-08-27 04:16:20,576 INFO 2008 fcs (group 81): 125 teams
2026-08-27 04:16:27,537 INFO 2008: 249 teams, 39 conferences, 0 incomplete
2026-08-27 04:16:27,640 INFO 2008: wrote cfb\teams\json\2008.json
2026-08-27 06:06:20,873 INFO 2008 root (group 99): 689 teams
2026-08-27 06:06:21,022 INFO 2008 ncaa_division_i (group 90): 245 teams
2026-08-27 06:06:21,166 INFO 2008 fbs (group 80): 124 teams
2026-08-27 06:06:21,306 INFO 2008 fcs (group 81): 125 teams
2026-08-27 06:06:21,451 INFO 2008 division_ii_iii (group 35): 444 teams
2026-08-27 06:06:21,596 INFO 2008 ncaa_division_ii (group 57): 0 teams
2026-08-27 06:06:21,746 INFO 2008 ncaa_division_iii (group 58): 0 teams
2026-08-27 06:06:21,896 INFO 2008 all_star (group 36): 0 teams
2026-08-27 06:06:21,970 INFO 2008: 693 teams (249 reused, 444 to fetch)
2026-08-27 06:06:34,766 INFO 2008: 693 teams, 43 conferences, 0 incomplete
2026-08-27 06:06:35,017 INFO 2008: wrote cfb\teams\json\2008.json
2026-08-27 06:14:26,666 INFO 2008 root (group 99): 689 teams
2026-08-27 06:14:26,801 INFO 2008 ncaa_division_i (group 90): 245 teams
2026-08-27 06:14:26,932 INFO 2008 fbs (group 80): 124 teams
2026-08-27 06:14:27,072 INFO 2008 fcs (group 81): 125 teams
2026-08-27 06:14:27,204 INFO 2008 division_ii_iii (group 35): 444 teams
2026-08-27 06:14:27,338 INFO 2008 ncaa_division_ii (group 57): 0 teams
2026-08-27 06:14:27,467 INFO 2008 ncaa_division_iii (group 58): 0 teams
2026-08-27 06:14:27,600 INFO 2008 all_star (group 36): 0 teams
2026-08-27 06:14:27,736 INFO 2008 naia (group 186): 0 teams
2026-08-27 06:14:27,819 INFO 2008: 693 teams (693 reused, 0 to fetch)
2026-08-27 06:14:27,820 INFO 2008: 693 teams, 43 conferences, 0 incomplete
2026-08-27 06:14:27,971 INFO 2008: wrote cfb\teams\json\2008.json
