2026-08-27 04:15:26,905 INFO 2001 fbs (group 80): 117 teams
2026-08-27 04:15:27,059 INFO 2001 fcs (group 81): 123 teams
2026-08-27 04:15:37,011 INFO 2001: 240 teams, 38 conferences, 0 incomplete
2026-08-27 04:15:37,098 INFO 2001: wrote cfb\teams\json\2001.json
2026-08-27 06:05:24,887 INFO 2001 root (group 99): 435 teams
2026-08-27 06:05:25,024 INFO 2001 ncaa_division_i (group 90): 240 teams
2026-08-27 06:05:25,158 INFO 2001 fbs (group 80): 117 teams
2026-08-27 06:05:25,292 INFO 2001 fcs (group 81): 123 teams
2026-08-27 06:05:25,427 INFO 2001 division_ii_iii (group 35): 195 teams
2026-08-27 06:05:25,572 INFO 2001 ncaa_division_ii (group 57): 0 teams
2026-08-27 06:05:25,722 INFO 2001 ncaa_division_iii (group 58): 0 teams
2026-08-27 06:05:25,856 INFO 2001 all_star (group 36): 0 teams
2026-08-27 06:05:25,934 INFO 2001: 435 teams (240 reused, 195 to fetch)
2026-08-27 06:05:32,112 INFO 2001: 435 teams, 42 conferences, 0 incomplete
2026-08-27 06:05:32,278 INFO 2001: wrote cfb\teams\json\2001.json
2026-08-27 06:14:17,083 INFO 2001 root (group 99): 435 teams
2026-08-27 06:14:17,212 INFO 2001 ncaa_division_i (group 90): 240 teams
2026-08-27 06:14:17,342 INFO 2001 fbs (group 80): 117 teams
2026-08-27 06:14:17,477 INFO 2001 fcs (group 81): 123 teams
2026-08-27 06:14:17,609 INFO 2001 division_ii_iii (group 35): 195 teams
2026-08-27 06:14:17,739 INFO 2001 ncaa_division_ii (group 57): 0 teams
2026-08-27 06:14:17,868 INFO 2001 ncaa_division_iii (group 58): 0 teams
2026-08-27 06:14:18,000 INFO 2001 all_star (group 36): 0 teams
2026-08-27 06:14:18,129 INFO 2001 naia (group 186): 0 teams
2026-08-27 06:14:18,200 INFO 2001: 435 teams (435 reused, 0 to fetch)
2026-08-27 06:14:18,201 INFO 2001: 435 teams, 42 conferences, 0 incomplete
2026-08-27 06:14:18,317 INFO 2001: wrote cfb\teams\json\2001.json
