2026-08-29 04:33:40,889 INFO recruits 2027: feed reports 4888 recruits
2026-08-29 04:33:40,899 INFO recruits 2027: page 1 -> 250 rows (cum 250/4888)
2026-08-29 04:33:55,694 INFO recruits 2027: page 2 -> 250 rows (cum 500/4888)
2026-08-29 04:34:09,308 INFO recruits 2027: page 3 -> 250 rows (cum 750/4888)
2026-08-29 04:34:22,292 INFO recruits 2027: page 4 -> 250 rows (cum 1000/4888)
2026-08-29 04:34:37,936 INFO recruits 2027: page 5 -> 250 rows (cum 1250/4888)
2026-08-29 04:34:52,756 INFO recruits 2027: page 6 -> 250 rows (cum 1500/4888)
2026-08-29 04:35:05,939 INFO recruits 2027: page 7 -> 250 rows (cum 1750/4888)
2026-08-29 04:35:18,919 INFO recruits 2027: page 8 -> 250 rows (cum 2000/4888)
2026-08-29 04:35:32,900 INFO recruits 2027: page 9 -> 250 rows (cum 2250/4888)
2026-08-29 04:35:46,472 INFO recruits 2027: page 10 -> 250 rows (cum 2500/4888)
2026-08-29 04:36:02,502 INFO recruits 2027: page 11 -> 250 rows (cum 2750/4888)
2026-08-29 04:36:18,326 INFO recruits 2027: page 12 -> 250 rows (cum 3000/4888)
2026-08-29 04:36:31,527 INFO recruits 2027: page 13 -> 250 rows (cum 3250/4888)
2026-08-29 04:36:45,552 INFO recruits 2027: page 14 -> 250 rows (cum 3500/4888)
2026-08-29 04:36:57,957 INFO recruits 2027: page 15 -> 250 rows (cum 3750/4888)
2026-08-29 04:37:11,546 INFO recruits 2027: page 16 -> 250 rows (cum 4000/4888)
2026-08-29 04:37:24,933 INFO recruits 2027: page 17 -> 250 rows (cum 4250/4888)
2026-08-29 04:37:37,497 INFO recruits 2027: page 18 -> 250 rows (cum 4500/4888)
2026-08-29 04:37:51,767 INFO recruits 2027: page 19 -> 250 rows (cum 4750/4888)
2026-08-29 04:38:01,739 INFO recruits 2027: page 20 -> 138 rows (cum 4888/4888)
2026-08-29 21:26:32,132 INFO recruits 2027: feed reports 4889 recruits
2026-08-29 21:26:32,155 INFO recruits 2027: page 1 -> 250 rows (cum 250/4889)
2026-08-29 21:26:47,308 INFO recruits 2027: page 2 -> 250 rows (cum 500/4889)
2026-08-29 21:27:01,672 INFO recruits 2027: page 3 -> 250 rows (cum 750/4889)
2026-08-29 21:27:18,766 INFO recruits 2027: page 4 -> 250 rows (cum 1000/4889)
2026-08-29 21:27:33,216 INFO recruits 2027: page 5 -> 250 rows (cum 1250/4889)
2026-08-29 21:27:51,481 INFO recruits 2027: page 6 -> 250 rows (cum 1500/4889)
2026-08-29 21:28:07,383 INFO recruits 2027: page 7 -> 250 rows (cum 1750/4889)
2026-08-29 21:28:22,877 INFO recruits 2027: page 8 -> 250 rows (cum 2000/4889)
2026-08-29 21:28:37,525 INFO recruits 2027: page 9 -> 250 rows (cum 2250/4889)
2026-08-29 21:28:53,020 INFO recruits 2027: page 10 -> 250 rows (cum 2500/4889)
2026-08-29 21:29:08,173 INFO recruits 2027: page 11 -> 250 rows (cum 2750/4889)
2026-08-29 21:29:21,056 INFO recruits 2027: page 12 -> 250 rows (cum 3000/4889)
2026-08-29 21:29:34,136 INFO recruits 2027: page 13 -> 250 rows (cum 3250/4889)
2026-08-29 21:29:48,232 INFO recruits 2027: page 14 -> 250 rows (cum 3500/4889)
2026-08-29 21:30:01,715 INFO recruits 2027: page 15 -> 250 rows (cum 3750/4889)
2026-08-29 21:30:19,078 INFO recruits 2027: page 16 -> 250 rows (cum 4000/4889)
2026-08-29 21:30:30,903 INFO recruits 2027: page 17 -> 250 rows (cum 4250/4889)
2026-08-29 21:30:44,618 INFO recruits 2027: page 18 -> 250 rows (cum 4500/4889)
2026-08-29 21:30:57,575 INFO recruits 2027: page 19 -> 250 rows (cum 4750/4889)
2026-08-29 21:31:09,440 INFO recruits 2027: page 20 -> 139 rows (cum 4889/4889)
2026-08-30 04:10:38,742 INFO recruits 2027: feed reports 4889 recruits
2026-08-30 04:10:38,759 INFO recruits 2027: page 1 -> 250 rows (cum 250/4889)
2026-08-30 04:10:48,985 INFO recruits 2027: page 2 -> 250 rows (cum 500/4889)
2026-08-30 04:11:04,638 INFO recruits 2027: page 3 -> 250 rows (cum 750/4889)
2026-08-30 04:11:19,268 INFO recruits 2027: page 4 -> 250 rows (cum 1000/4889)
2026-08-30 04:11:34,310 INFO recruits 2027: page 5 -> 250 rows (cum 1250/4889)
2026-08-30 04:11:48,554 INFO recruits 2027: page 6 -> 250 rows (cum 1500/4889)
2026-08-30 04:12:02,418 INFO recruits 2027: page 7 -> 250 rows (cum 1750/4889)
2026-08-30 04:12:14,823 INFO recruits 2027: page 8 -> 250 rows (cum 2000/4889)
2026-08-30 04:12:28,068 INFO recruits 2027: page 9 -> 250 rows (cum 2250/4889)
2026-08-30 04:12:37,468 INFO recruits 2027: page 10 -> 250 rows (cum 2500/4889)
2026-08-30 04:12:49,901 INFO recruits 2027: page 11 -> 250 rows (cum 2750/4889)
2026-08-30 04:13:02,325 INFO recruits 2027: page 12 -> 250 rows (cum 3000/4889)
2026-08-30 04:13:15,570 INFO recruits 2027: page 13 -> 250 rows (cum 3250/4889)
2026-08-30 04:13:29,014 INFO recruits 2027: page 14 -> 250 rows (cum 3500/4889)
2026-08-30 04:13:41,863 INFO recruits 2027: page 15 -> 250 rows (cum 3750/4889)
2026-08-30 04:13:56,095 INFO recruits 2027: page 16 -> 250 rows (cum 4000/4889)
2026-08-30 04:14:08,931 INFO recruits 2027: page 17 -> 250 rows (cum 4250/4889)
2026-08-30 04:14:21,949 INFO recruits 2027: page 18 -> 250 rows (cum 4500/4889)
2026-08-30 04:14:30,973 INFO recruits 2027: page 19 -> 250 rows (cum 4750/4889)
2026-08-30 04:14:41,589 INFO recruits 2027: page 20 -> 139 rows (cum 4889/4889)
2026-08-31 04:11:04,201 INFO recruits 2027: feed reports 4889 recruits
2026-08-31 04:11:04,219 INFO recruits 2027: page 1 -> 250 rows (cum 250/4889)
2026-08-31 04:11:17,875 INFO recruits 2027: page 2 -> 250 rows (cum 500/4889)
2026-08-31 04:11:30,113 INFO recruits 2027: page 3 -> 250 rows (cum 750/4889)
2026-08-31 04:11:43,328 INFO recruits 2027: page 4 -> 250 rows (cum 1000/4889)
2026-08-31 04:11:56,556 INFO recruits 2027: page 5 -> 250 rows (cum 1250/4889)
2026-08-31 04:12:09,209 INFO recruits 2027: page 6 -> 250 rows (cum 1500/4889)
2026-08-31 04:12:23,243 INFO recruits 2027: page 7 -> 250 rows (cum 1750/4889)
2026-08-31 04:12:36,056 INFO recruits 2027: page 8 -> 250 rows (cum 2000/4889)
2026-08-31 04:12:47,090 INFO recruits 2027: page 9 -> 250 rows (cum 2250/4889)
2026-08-31 04:12:59,900 INFO recruits 2027: page 10 -> 250 rows (cum 2500/4889)
2026-08-31 04:13:11,327 INFO recruits 2027: page 11 -> 250 rows (cum 2750/4889)
2026-08-31 04:13:23,961 INFO recruits 2027: page 12 -> 250 rows (cum 3000/4889)
2026-08-31 04:13:37,613 INFO recruits 2027: page 13 -> 250 rows (cum 3250/4889)
2026-08-31 04:13:50,244 INFO recruits 2027: page 14 -> 250 rows (cum 3500/4889)
2026-08-31 04:14:03,275 INFO recruits 2027: page 15 -> 250 rows (cum 3750/4889)
2026-08-31 04:14:17,915 INFO recruits 2027: page 16 -> 250 rows (cum 4000/4889)
2026-08-31 04:14:35,166 INFO recruits 2027: page 17 -> 250 rows (cum 4250/4889)
2026-08-31 04:14:47,979 INFO recruits 2027: page 18 -> 250 rows (cum 4500/4889)
2026-08-31 04:15:00,216 INFO recruits 2027: page 19 -> 250 rows (cum 4750/4889)
2026-08-31 04:15:09,631 INFO recruits 2027: page 20 -> 139 rows (cum 4889/4889)
2026-09-03 09:09:55,087 INFO recruits 2027: feed reports 4912 recruits
2026-09-03 09:09:55,104 INFO recruits 2027: page 1 -> 250 rows (cum 250/4912)
2026-09-03 09:10:09,414 INFO recruits 2027: page 2 -> 250 rows (cum 500/4912)
2026-09-03 09:10:23,290 INFO recruits 2027: page 3 -> 250 rows (cum 750/4912)
2026-09-03 09:10:37,565 INFO recruits 2027: page 4 -> 250 rows (cum 1000/4912)
2026-09-03 09:10:50,403 INFO recruits 2027: page 5 -> 250 rows (cum 1250/4912)
2026-09-03 09:11:03,459 INFO recruits 2027: page 6 -> 250 rows (cum 1500/4912)
2026-09-03 09:11:20,724 INFO recruits 2027: page 7 -> 250 rows (cum 1750/4912)
2026-09-03 09:11:29,158 INFO recruits 2027: page 8 -> 250 rows (cum 2000/4912)
2026-09-03 09:11:38,192 INFO recruits 2027: page 9 -> 250 rows (cum 2250/4912)
2026-09-03 09:11:51,416 INFO recruits 2027: page 10 -> 250 rows (cum 2500/4912)
2026-09-03 09:12:06,018 INFO recruits 2027: page 11 -> 250 rows (cum 2750/4912)
2026-09-03 09:12:17,864 INFO recruits 2027: page 12 -> 250 rows (cum 3000/4912)
2026-09-03 09:12:27,097 INFO recruits 2027: page 13 -> 250 rows (cum 3250/4912)
2026-09-03 09:12:41,759 INFO recruits 2027: page 14 -> 250 rows (cum 3500/4912)
2026-09-03 09:12:57,018 INFO recruits 2027: page 15 -> 250 rows (cum 3750/4912)
2026-09-03 09:13:06,043 INFO recruits 2027: page 16 -> 250 rows (cum 4000/4912)
2026-09-03 09:13:18,866 INFO recruits 2027: page 17 -> 250 rows (cum 4250/4912)
2026-09-03 09:13:31,295 INFO recruits 2027: page 18 -> 250 rows (cum 4500/4912)
2026-09-03 09:13:44,359 INFO recruits 2027: page 19 -> 250 rows (cum 4750/4912)
2026-09-03 09:13:56,811 INFO recruits 2027: page 20 -> 162 rows (cum 4912/4912)
2026-09-04 04:12:12,665 INFO recruits 2027: feed reports 4912 recruits
2026-09-04 04:12:12,680 INFO recruits 2027: page 1 -> 250 rows (cum 250/4912)
2026-09-04 04:12:22,689 INFO recruits 2027: page 2 -> 250 rows (cum 500/4912)
2026-09-04 04:12:37,531 INFO recruits 2027: page 3 -> 250 rows (cum 750/4912)
2026-09-04 04:12:48,741 INFO recruits 2027: page 4 -> 250 rows (cum 1000/4912)
2026-09-04 04:13:03,594 INFO recruits 2027: page 5 -> 250 rows (cum 1250/4912)
2026-09-04 04:13:18,438 INFO recruits 2027: page 6 -> 250 rows (cum 1500/4912)
2026-09-04 04:13:29,470 INFO recruits 2027: page 7 -> 250 rows (cum 1750/4912)
2026-09-04 04:13:41,689 INFO recruits 2027: page 8 -> 250 rows (cum 2000/4912)
2026-09-04 04:13:55,306 INFO recruits 2027: page 9 -> 250 rows (cum 2250/4912)
2026-09-04 04:14:05,504 INFO recruits 2027: page 10 -> 250 rows (cum 2500/4912)
2026-09-04 04:14:15,532 INFO recruits 2027: page 11 -> 250 rows (cum 2750/4912)
2026-09-04 04:14:25,340 INFO recruits 2027: page 12 -> 250 rows (cum 3000/4912)
2026-09-04 04:14:34,956 INFO recruits 2027: page 13 -> 250 rows (cum 3250/4912)
2026-09-04 04:14:44,963 INFO recruits 2027: page 14 -> 250 rows (cum 3500/4912)
2026-09-04 04:14:55,382 INFO recruits 2027: page 15 -> 250 rows (cum 3750/4912)
2026-09-04 04:15:05,200 INFO recruits 2027: page 16 -> 250 rows (cum 4000/4912)
2026-09-04 04:15:14,804 INFO recruits 2027: page 17 -> 250 rows (cum 4250/4912)
2026-09-04 04:15:28,419 INFO recruits 2027: page 18 -> 250 rows (cum 4500/4912)
2026-09-04 04:15:37,851 INFO recruits 2027: page 19 -> 250 rows (cum 4750/4912)
2026-09-04 04:15:46,053 INFO recruits 2027: page 20 -> 162 rows (cum 4912/4912)
2026-09-05 04:12:04,581 INFO recruits 2027: feed reports 4915 recruits
2026-09-05 04:12:04,599 INFO recruits 2027: page 1 -> 250 rows (cum 250/4915)
2026-09-05 04:12:15,646 INFO recruits 2027: page 2 -> 250 rows (cum 500/4915)
2026-09-05 04:12:28,887 INFO recruits 2027: page 3 -> 250 rows (cum 750/4915)
2026-09-05 04:12:39,093 INFO recruits 2027: page 4 -> 250 rows (cum 1000/4915)
2026-09-05 04:12:50,104 INFO recruits 2027: page 5 -> 250 rows (cum 1250/4915)
2026-09-05 04:13:00,315 INFO recruits 2027: page 6 -> 250 rows (cum 1500/4915)
2026-09-05 04:13:15,183 INFO recruits 2027: page 7 -> 250 rows (cum 1750/4915)
2026-09-05 04:13:25,993 INFO recruits 2027: page 8 -> 250 rows (cum 2000/4915)
2026-09-05 04:13:38,829 INFO recruits 2027: page 9 -> 250 rows (cum 2250/4915)
2026-09-05 04:13:49,245 INFO recruits 2027: page 10 -> 250 rows (cum 2500/4915)
2026-09-05 04:13:58,671 INFO recruits 2027: page 11 -> 250 rows (cum 2750/4915)
2026-09-05 04:14:08,096 INFO recruits 2027: page 12 -> 250 rows (cum 3000/4915)
2026-09-05 04:14:18,107 INFO recruits 2027: page 13 -> 250 rows (cum 3250/4915)
2026-09-05 04:14:28,721 INFO recruits 2027: page 14 -> 250 rows (cum 3500/4915)
2026-09-05 04:14:38,934 INFO recruits 2027: page 15 -> 250 rows (cum 3750/4915)
2026-09-05 04:14:48,356 INFO recruits 2027: page 16 -> 250 rows (cum 4000/4915)
2026-09-05 04:14:57,161 INFO recruits 2027: page 17 -> 250 rows (cum 4250/4915)
2026-09-05 04:15:08,775 INFO recruits 2027: page 18 -> 250 rows (cum 4500/4915)
2026-09-05 04:15:18,418 INFO recruits 2027: page 19 -> 250 rows (cum 4750/4915)
2026-09-05 04:15:30,036 INFO recruits 2027: page 20 -> 165 rows (cum 4915/4915)
2026-09-05 16:07:45,121 INFO recruits 2027: feed reports 4915 recruits
2026-09-05 16:07:45,138 INFO recruits 2027: page 1 -> 250 rows (cum 250/4915)
2026-09-05 16:08:00,410 INFO recruits 2027: page 2 -> 250 rows (cum 500/4915)
2026-09-05 16:08:11,259 INFO recruits 2027: page 3 -> 250 rows (cum 750/4915)
2026-09-05 16:08:25,497 INFO recruits 2027: page 4 -> 250 rows (cum 1000/4915)
2026-09-05 16:08:36,928 INFO recruits 2027: page 5 -> 250 rows (cum 1250/4915)
2026-09-05 16:08:54,026 INFO recruits 2027: page 6 -> 250 rows (cum 1500/4915)
2026-09-05 16:09:09,322 INFO recruits 2027: page 7 -> 250 rows (cum 1750/4915)
2026-09-05 16:09:19,938 INFO recruits 2027: page 8 -> 250 rows (cum 2000/4915)
2026-09-05 16:09:33,576 INFO recruits 2027: page 9 -> 250 rows (cum 2250/4915)
2026-09-05 16:09:49,018 INFO recruits 2027: page 10 -> 250 rows (cum 2500/4915)
2026-09-05 16:10:02,721 INFO recruits 2027: page 11 -> 250 rows (cum 2750/4915)
2026-09-05 16:10:12,962 INFO recruits 2027: page 12 -> 250 rows (cum 3000/4915)
2026-09-05 16:10:27,028 INFO recruits 2027: page 13 -> 250 rows (cum 3250/4915)
2026-09-05 16:10:44,135 INFO recruits 2027: page 14 -> 250 rows (cum 3500/4915)
2026-09-05 16:10:59,615 INFO recruits 2027: page 15 -> 250 rows (cum 3750/4915)
2026-09-05 16:11:13,076 INFO recruits 2027: page 16 -> 250 rows (cum 4000/4915)
2026-09-05 16:11:27,327 INFO recruits 2027: page 17 -> 250 rows (cum 4250/4915)
2026-09-05 16:11:37,760 INFO recruits 2027: page 18 -> 250 rows (cum 4500/4915)
2026-09-05 16:11:52,406 INFO recruits 2027: page 19 -> 250 rows (cum 4750/4915)
2026-09-05 16:12:04,653 INFO recruits 2027: page 20 -> 165 rows (cum 4915/4915)
2026-09-05 20:22:59,883 INFO recruits 2027: feed reports 4916 recruits
2026-09-05 20:22:59,902 INFO recruits 2027: page 1 -> 250 rows (cum 250/4916)
2026-09-05 20:23:10,994 INFO recruits 2027: page 2 -> 250 rows (cum 500/4916)
2026-09-05 20:23:28,894 INFO recruits 2027: page 3 -> 250 rows (cum 750/4916)
2026-09-05 20:23:44,142 INFO recruits 2027: page 4 -> 250 rows (cum 1000/4916)
2026-09-05 20:23:55,162 INFO recruits 2027: page 5 -> 250 rows (cum 1250/4916)
2026-09-05 20:24:12,251 INFO recruits 2027: page 6 -> 250 rows (cum 1500/4916)
2026-09-05 20:24:28,189 INFO recruits 2027: page 7 -> 250 rows (cum 1750/4916)
2026-09-05 20:24:41,834 INFO recruits 2027: page 8 -> 250 rows (cum 2000/4916)
2026-09-05 20:24:57,353 INFO recruits 2027: page 9 -> 250 rows (cum 2250/4916)
2026-09-05 20:25:12,607 INFO recruits 2027: page 10 -> 250 rows (cum 2500/4916)
2026-09-05 20:25:23,887 INFO recruits 2027: page 11 -> 250 rows (cum 2750/4916)
2026-09-05 20:25:39,363 INFO recruits 2027: page 12 -> 250 rows (cum 3000/4916)
2026-09-05 20:25:53,018 INFO recruits 2027: page 13 -> 250 rows (cum 3250/4916)
2026-09-05 20:26:05,089 INFO recruits 2027: page 14 -> 250 rows (cum 3500/4916)
2026-09-05 20:26:19,571 INFO recruits 2027: page 15 -> 250 rows (cum 3750/4916)
2026-09-05 20:26:30,271 INFO recruits 2027: page 16 -> 250 rows (cum 4000/4916)
2026-09-05 20:26:45,108 INFO recruits 2027: page 17 -> 250 rows (cum 4250/4916)
2026-09-05 20:26:54,768 INFO recruits 2027: page 18 -> 250 rows (cum 4500/4916)
2026-09-05 20:27:08,834 INFO recruits 2027: page 19 -> 250 rows (cum 4750/4916)
2026-09-05 20:27:22,499 INFO recruits 2027: page 20 -> 166 rows (cum 4916/4916)
2026-09-06 04:12:04,198 INFO recruits 2027: feed reports 4916 recruits
2026-09-06 04:12:04,227 INFO recruits 2027: page 1 -> 250 rows (cum 250/4916)
2026-09-06 04:12:16,261 INFO recruits 2027: page 2 -> 250 rows (cum 500/4916)
2026-09-06 04:12:28,891 INFO recruits 2027: page 3 -> 250 rows (cum 750/4916)
2026-09-06 04:12:38,888 INFO recruits 2027: page 4 -> 250 rows (cum 1000/4916)
2026-09-06 04:12:48,884 INFO recruits 2027: page 5 -> 250 rows (cum 1250/4916)
2026-09-06 04:13:01,118 INFO recruits 2027: page 6 -> 250 rows (cum 1500/4916)
2026-09-06 04:13:13,155 INFO recruits 2027: page 7 -> 250 rows (cum 1750/4916)
2026-09-06 04:13:22,361 INFO recruits 2027: page 8 -> 250 rows (cum 2000/4916)
2026-09-06 04:13:34,997 INFO recruits 2027: page 9 -> 250 rows (cum 2250/4916)
2026-09-06 04:13:46,607 INFO recruits 2027: page 10 -> 250 rows (cum 2500/4916)
2026-09-06 04:14:00,036 INFO recruits 2027: page 11 -> 250 rows (cum 2750/4916)
2026-09-06 04:14:11,866 INFO recruits 2027: page 12 -> 250 rows (cum 3000/4916)
2026-09-06 04:14:24,112 INFO recruits 2027: page 13 -> 250 rows (cum 3250/4916)
2026-09-06 04:14:36,339 INFO recruits 2027: page 14 -> 250 rows (cum 3500/4916)
2026-09-06 04:14:48,365 INFO recruits 2027: page 15 -> 250 rows (cum 3750/4916)
2026-09-06 04:15:02,408 INFO recruits 2027: page 16 -> 250 rows (cum 4000/4916)
2026-09-06 04:15:14,627 INFO recruits 2027: page 17 -> 250 rows (cum 4250/4916)
2026-09-06 04:15:25,437 INFO recruits 2027: page 18 -> 250 rows (cum 4500/4916)
2026-09-06 04:15:38,079 INFO recruits 2027: page 19 -> 250 rows (cum 4750/4916)
2026-09-06 04:15:50,118 INFO recruits 2027: page 20 -> 166 rows (cum 4916/4916)
2026-09-06 06:35:53,620 INFO recruits 2027: feed reports 4916 recruits
2026-09-06 06:35:53,638 INFO recruits 2027: page 1 -> 250 rows (cum 250/4916)
2026-09-06 06:36:03,852 INFO recruits 2027: page 2 -> 250 rows (cum 500/4916)
2026-09-06 06:36:17,493 INFO recruits 2027: page 3 -> 250 rows (cum 750/4916)
2026-09-06 06:36:29,111 INFO recruits 2027: page 4 -> 250 rows (cum 1000/4916)
2026-09-06 06:36:43,336 INFO recruits 2027: page 5 -> 250 rows (cum 1250/4916)
2026-09-06 06:36:53,762 INFO recruits 2027: page 6 -> 250 rows (cum 1500/4916)
2026-09-06 06:37:07,598 INFO recruits 2027: page 7 -> 250 rows (cum 1750/4916)
2026-09-06 06:37:21,013 INFO recruits 2027: page 8 -> 250 rows (cum 2000/4916)
2026-09-06 06:37:30,635 INFO recruits 2027: page 9 -> 250 rows (cum 2250/4916)
2026-09-06 06:37:40,445 INFO recruits 2027: page 10 -> 250 rows (cum 2500/4916)
2026-09-06 06:37:51,676 INFO recruits 2027: page 11 -> 250 rows (cum 2750/4916)
2026-09-06 06:38:01,287 INFO recruits 2027: page 12 -> 250 rows (cum 3000/4916)
2026-09-06 06:38:12,313 INFO recruits 2027: page 13 -> 250 rows (cum 3250/4916)
2026-09-06 06:38:24,547 INFO recruits 2027: page 14 -> 250 rows (cum 3500/4916)
2026-09-06 06:38:37,588 INFO recruits 2027: page 15 -> 250 rows (cum 3750/4916)
2026-09-06 06:38:47,202 INFO recruits 2027: page 16 -> 250 rows (cum 4000/4916)
2026-09-06 06:38:58,814 INFO recruits 2027: page 17 -> 250 rows (cum 4250/4916)
2026-09-06 06:39:10,218 INFO recruits 2027: page 18 -> 250 rows (cum 4500/4916)
2026-09-06 06:39:24,062 INFO recruits 2027: page 19 -> 250 rows (cum 4750/4916)
2026-09-06 06:39:33,076 INFO recruits 2027: page 20 -> 166 rows (cum 4916/4916)
2026-09-07 04:13:02,495 INFO recruits 2027: feed reports 4916 recruits
2026-09-07 04:13:02,514 INFO recruits 2027: page 1 -> 250 rows (cum 250/4916)
2026-09-07 04:13:14,559 INFO recruits 2027: page 2 -> 250 rows (cum 500/4916)
2026-09-07 04:13:25,189 INFO recruits 2027: page 3 -> 250 rows (cum 750/4916)
2026-09-07 04:13:36,398 INFO recruits 2027: page 4 -> 250 rows (cum 1000/4916)
2026-09-07 04:13:46,411 INFO recruits 2027: page 5 -> 250 rows (cum 1250/4916)
2026-09-07 04:13:58,238 INFO recruits 2027: page 6 -> 250 rows (cum 1500/4916)
2026-09-07 04:14:09,065 INFO recruits 2027: page 7 -> 250 rows (cum 1750/4916)
2026-09-07 04:14:20,470 INFO recruits 2027: page 8 -> 250 rows (cum 2000/4916)
2026-09-07 04:14:34,709 INFO recruits 2027: page 9 -> 250 rows (cum 2250/4916)
2026-09-07 04:14:50,740 INFO recruits 2027: page 10 -> 250 rows (cum 2500/4916)
2026-09-07 04:15:03,177 INFO recruits 2027: page 11 -> 250 rows (cum 2750/4916)
2026-09-07 04:15:12,988 INFO recruits 2027: page 12 -> 250 rows (cum 3000/4916)
2026-09-07 04:15:25,618 INFO recruits 2027: page 13 -> 250 rows (cum 3250/4916)
2026-09-07 04:15:38,275 INFO recruits 2027: page 14 -> 250 rows (cum 3500/4916)
2026-09-07 04:15:49,303 INFO recruits 2027: page 15 -> 250 rows (cum 3750/4916)
2026-09-07 04:15:58,305 INFO recruits 2027: page 16 -> 250 rows (cum 4000/4916)
2026-09-07 04:16:07,099 INFO recruits 2027: page 17 -> 250 rows (cum 4250/4916)
2026-09-07 04:16:19,104 INFO recruits 2027: page 18 -> 250 rows (cum 4500/4916)
2026-09-07 04:16:28,108 INFO recruits 2027: page 19 -> 250 rows (cum 4750/4916)
2026-09-07 04:16:37,107 INFO recruits 2027: page 20 -> 166 rows (cum 4916/4916)
2026-09-08 04:12:26,063 INFO recruits 2027: feed reports 4917 recruits
2026-09-08 04:12:26,094 INFO recruits 2027: page 1 -> 250 rows (cum 250/4917)
2026-09-08 04:12:35,726 INFO recruits 2027: page 2 -> 250 rows (cum 500/4917)
2026-09-08 04:12:48,565 INFO recruits 2027: page 3 -> 250 rows (cum 750/4917)
2026-09-08 04:12:59,985 INFO recruits 2027: page 4 -> 250 rows (cum 1000/4917)
2026-09-08 04:13:10,407 INFO recruits 2027: page 5 -> 250 rows (cum 1250/4917)
2026-09-08 04:13:23,250 INFO recruits 2027: page 6 -> 250 rows (cum 1500/4917)
2026-09-08 04:13:37,695 INFO recruits 2027: page 7 -> 250 rows (cum 1750/4917)
2026-09-08 04:13:50,720 INFO recruits 2027: page 8 -> 250 rows (cum 2000/4917)
2026-09-08 04:14:03,161 INFO recruits 2027: page 9 -> 250 rows (cum 2250/4917)
2026-09-08 04:14:13,976 INFO recruits 2027: page 10 -> 250 rows (cum 2500/4917)
2026-09-08 04:14:28,837 INFO recruits 2027: page 11 -> 250 rows (cum 2750/4917)
2026-09-08 04:14:39,469 INFO recruits 2027: page 12 -> 250 rows (cum 3000/4917)
2026-09-08 04:14:51,715 INFO recruits 2027: page 13 -> 250 rows (cum 3250/4917)
2026-09-08 04:15:02,153 INFO recruits 2027: page 14 -> 250 rows (cum 3500/4917)
2026-09-08 04:15:12,192 INFO recruits 2027: page 15 -> 250 rows (cum 3750/4917)
2026-09-08 04:15:22,428 INFO recruits 2027: page 16 -> 250 rows (cum 4000/4917)
2026-09-08 04:15:33,453 INFO recruits 2027: page 17 -> 250 rows (cum 4250/4917)
2026-09-08 04:15:47,679 INFO recruits 2027: page 18 -> 250 rows (cum 4500/4917)
2026-09-08 04:16:00,723 INFO recruits 2027: page 19 -> 250 rows (cum 4750/4917)
2026-09-08 04:16:09,933 INFO recruits 2027: page 20 -> 167 rows (cum 4917/4917)
2026-09-08 14:11:30,528 INFO recruits 2027: feed reports 4927 recruits
2026-09-08 14:11:30,570 INFO recruits 2027: page 1 -> 250 rows (cum 250/4927)
2026-09-08 14:11:41,457 INFO recruits 2027: page 2 -> 250 rows (cum 500/4927)
2026-09-08 14:11:52,141 INFO recruits 2027: page 3 -> 250 rows (cum 750/4927)
2026-09-08 14:12:03,426 INFO recruits 2027: page 4 -> 250 rows (cum 1000/4927)
2026-09-08 14:12:17,509 INFO recruits 2027: page 5 -> 250 rows (cum 1250/4927)
2026-09-08 14:12:32,981 INFO recruits 2027: page 6 -> 250 rows (cum 1500/4927)
2026-09-08 14:12:47,456 INFO recruits 2027: page 7 -> 250 rows (cum 1750/4927)
2026-09-08 14:12:59,176 INFO recruits 2027: page 8 -> 250 rows (cum 2000/4927)
2026-09-08 14:13:10,076 INFO recruits 2027: page 9 -> 250 rows (cum 2250/4927)
2026-09-08 14:13:23,961 INFO recruits 2027: page 10 -> 250 rows (cum 2500/4927)
2026-09-08 14:13:34,221 INFO recruits 2027: page 11 -> 250 rows (cum 2750/4927)
2026-09-08 14:13:49,305 INFO recruits 2027: page 12 -> 250 rows (cum 3000/4927)
2026-09-08 14:14:02,978 INFO recruits 2027: page 13 -> 250 rows (cum 3250/4927)
2026-09-08 14:14:18,071 INFO recruits 2027: page 14 -> 250 rows (cum 3500/4927)
2026-09-08 14:14:28,711 INFO recruits 2027: page 15 -> 250 rows (cum 3750/4927)
2026-09-08 14:14:39,170 INFO recruits 2027: page 16 -> 250 rows (cum 4000/4927)
2026-09-08 14:14:48,595 INFO recruits 2027: page 17 -> 250 rows (cum 4250/4927)
2026-09-08 14:15:00,883 INFO recruits 2027: page 18 -> 250 rows (cum 4500/4927)
2026-09-08 14:15:10,970 INFO recruits 2027: page 19 -> 250 rows (cum 4750/4927)
2026-09-08 14:15:19,628 INFO recruits 2027: page 20 -> 177 rows (cum 4927/4927)
2026-09-09 04:12:02,645 INFO recruits 2027: feed reports 4929 recruits
2026-09-09 04:12:02,670 INFO recruits 2027: page 1 -> 250 rows (cum 250/4929)
2026-09-09 04:12:14,716 INFO recruits 2027: page 2 -> 250 rows (cum 500/4929)
2026-09-09 04:12:27,550 INFO recruits 2027: page 3 -> 250 rows (cum 750/4929)
2026-09-09 04:12:37,576 INFO recruits 2027: page 4 -> 250 rows (cum 1000/4929)
2026-09-09 04:12:51,803 INFO recruits 2027: page 5 -> 250 rows (cum 1250/4929)
2026-09-09 04:13:05,443 INFO recruits 2027: page 6 -> 250 rows (cum 1500/4929)
2026-09-09 04:13:19,692 INFO recruits 2027: page 7 -> 250 rows (cum 1750/4929)
2026-09-09 04:13:28,892 INFO recruits 2027: page 8 -> 250 rows (cum 2000/4929)
2026-09-09 04:13:38,507 INFO recruits 2027: page 9 -> 250 rows (cum 2250/4929)
2026-09-09 04:13:51,937 INFO recruits 2027: page 10 -> 250 rows (cum 2500/4929)
2026-09-09 04:14:05,780 INFO recruits 2027: page 11 -> 250 rows (cum 2750/4929)
2026-09-09 04:14:21,836 INFO recruits 2027: page 12 -> 250 rows (cum 3000/4929)
2026-09-09 04:14:33,863 INFO recruits 2027: page 13 -> 250 rows (cum 3250/4929)
2026-09-09 04:14:45,290 INFO recruits 2027: page 14 -> 250 rows (cum 3500/4929)
2026-09-09 04:14:59,340 INFO recruits 2027: page 15 -> 250 rows (cum 3750/4929)
2026-09-09 04:15:09,967 INFO recruits 2027: page 16 -> 250 rows (cum 4000/4929)
2026-09-09 04:15:18,772 INFO recruits 2027: page 17 -> 250 rows (cum 4250/4929)
2026-09-09 04:15:31,392 INFO recruits 2027: page 18 -> 250 rows (cum 4500/4929)
2026-09-09 04:15:42,813 INFO recruits 2027: page 19 -> 250 rows (cum 4750/4929)
2026-09-09 04:15:53,836 INFO recruits 2027: page 20 -> 179 rows (cum 4929/4929)
2026-09-10 04:11:45,292 INFO recruits 2027: feed reports 4934 recruits
2026-09-10 04:11:45,309 INFO recruits 2027: page 1 -> 250 rows (cum 250/4934)
2026-09-10 04:11:58,342 INFO recruits 2027: page 2 -> 250 rows (cum 500/4934)
2026-09-10 04:12:10,204 INFO recruits 2027: page 3 -> 250 rows (cum 750/4934)
2026-09-10 04:12:23,621 INFO recruits 2027: page 4 -> 250 rows (cum 1000/4934)
2026-09-10 04:12:36,028 INFO recruits 2027: page 5 -> 250 rows (cum 1250/4934)
2026-09-10 04:12:46,859 INFO recruits 2027: page 6 -> 250 rows (cum 1500/4934)
2026-09-10 04:13:01,311 INFO recruits 2027: page 7 -> 250 rows (cum 1750/4934)
2026-09-10 04:13:13,128 INFO recruits 2027: page 8 -> 250 rows (cum 2000/4934)
2026-09-10 04:13:25,784 INFO recruits 2027: page 9 -> 250 rows (cum 2250/4934)
2026-09-10 04:13:37,990 INFO recruits 2027: page 10 -> 250 rows (cum 2500/4934)
2026-09-10 04:13:47,208 INFO recruits 2027: page 11 -> 250 rows (cum 2750/4934)
2026-09-10 04:13:59,635 INFO recruits 2027: page 12 -> 250 rows (cum 3000/4934)
2026-09-10 04:14:12,062 INFO recruits 2027: page 13 -> 250 rows (cum 3250/4934)
2026-09-10 04:14:21,476 INFO recruits 2027: page 14 -> 250 rows (cum 3500/4934)
2026-09-10 04:14:31,099 INFO recruits 2027: page 15 -> 250 rows (cum 3750/4934)
2026-09-10 04:14:41,728 INFO recruits 2027: page 16 -> 250 rows (cum 4000/4934)
2026-09-10 04:14:54,138 INFO recruits 2027: page 17 -> 250 rows (cum 4250/4934)
2026-09-10 04:15:08,173 INFO recruits 2027: page 18 -> 250 rows (cum 4500/4934)
2026-09-10 04:15:19,818 INFO recruits 2027: page 19 -> 250 rows (cum 4750/4934)
2026-09-10 04:15:28,822 INFO recruits 2027: page 20 -> 184 rows (cum 4934/4934)
2026-09-11 04:11:51,579 INFO recruits 2027: feed reports 4942 recruits
2026-09-11 04:11:51,600 INFO recruits 2027: page 1 -> 250 rows (cum 250/4942)
2026-09-11 04:12:04,669 INFO recruits 2027: page 2 -> 250 rows (cum 500/4942)
2026-09-11 04:12:19,125 INFO recruits 2027: page 3 -> 250 rows (cum 750/4942)
2026-09-11 04:12:32,970 INFO recruits 2027: page 4 -> 250 rows (cum 1000/4942)
2026-09-11 04:12:48,613 INFO recruits 2027: page 5 -> 250 rows (cum 1250/4942)
2026-09-11 04:13:03,058 INFO recruits 2027: page 6 -> 250 rows (cum 1500/4942)
2026-09-11 04:13:14,719 INFO recruits 2027: page 7 -> 250 rows (cum 1750/4942)
2026-09-11 04:13:28,179 INFO recruits 2027: page 8 -> 250 rows (cum 2000/4942)
2026-09-11 04:13:40,819 INFO recruits 2027: page 9 -> 250 rows (cum 2250/4942)
2026-09-11 04:13:51,434 INFO recruits 2027: page 10 -> 250 rows (cum 2500/4942)
2026-09-11 04:14:05,156 INFO recruits 2027: page 11 -> 250 rows (cum 2750/4942)
2026-09-11 04:14:18,438 INFO recruits 2027: page 12 -> 250 rows (cum 3000/4942)
2026-09-11 04:14:31,299 INFO recruits 2027: page 13 -> 250 rows (cum 3250/4942)
2026-09-11 04:14:41,778 INFO recruits 2027: page 14 -> 250 rows (cum 3500/4942)
2026-09-11 04:14:56,242 INFO recruits 2027: page 15 -> 250 rows (cum 3750/4942)
2026-09-11 04:15:06,646 INFO recruits 2027: page 16 -> 250 rows (cum 4000/4942)
2026-09-11 04:15:19,867 INFO recruits 2027: page 17 -> 250 rows (cum 4250/4942)
2026-09-11 04:15:35,709 INFO recruits 2027: page 18 -> 250 rows (cum 4500/4942)
2026-09-11 04:15:47,588 INFO recruits 2027: page 19 -> 250 rows (cum 4750/4942)
2026-09-11 04:15:59,724 INFO recruits 2027: page 20 -> 192 rows (cum 4942/4942)
2026-09-12 04:12:38,104 INFO recruits 2027: feed reports 4949 recruits
2026-09-12 04:12:38,128 INFO recruits 2027: page 1 -> 250 rows (cum 250/4949)
2026-09-12 04:12:52,192 INFO recruits 2027: page 2 -> 250 rows (cum 500/4949)
2026-09-12 04:13:04,022 INFO recruits 2027: page 3 -> 250 rows (cum 750/4949)
2026-09-12 04:13:18,656 INFO recruits 2027: page 4 -> 250 rows (cum 1000/4949)
2026-09-12 04:13:30,877 INFO recruits 2027: page 5 -> 250 rows (cum 1250/4949)
2026-09-12 04:13:44,518 INFO recruits 2027: page 6 -> 250 rows (cum 1500/4949)
2026-09-12 04:13:57,960 INFO recruits 2027: page 7 -> 250 rows (cum 1750/4949)
2026-09-12 04:14:08,974 INFO recruits 2027: page 8 -> 250 rows (cum 2000/4949)
2026-09-12 04:14:23,016 INFO recruits 2027: page 9 -> 250 rows (cum 2250/4949)
2026-09-12 04:14:35,428 INFO recruits 2027: page 10 -> 250 rows (cum 2500/4949)
2026-09-12 04:14:49,079 INFO recruits 2027: page 11 -> 250 rows (cum 2750/4949)
2026-09-12 04:15:03,333 INFO recruits 2027: page 12 -> 250 rows (cum 3000/4949)
2026-09-12 04:15:14,771 INFO recruits 2027: page 13 -> 250 rows (cum 3250/4949)
2026-09-12 04:15:26,002 INFO recruits 2027: page 14 -> 250 rows (cum 3500/4949)
2026-09-12 04:15:39,847 INFO recruits 2027: page 15 -> 250 rows (cum 3750/4949)
2026-09-12 04:15:54,282 INFO recruits 2027: page 16 -> 250 rows (cum 4000/4949)
2026-09-12 04:16:04,685 INFO recruits 2027: page 17 -> 250 rows (cum 4250/4949)
2026-09-12 04:16:18,497 INFO recruits 2027: page 18 -> 250 rows (cum 4500/4949)
2026-09-12 04:16:30,136 INFO recruits 2027: page 19 -> 250 rows (cum 4750/4949)
2026-09-12 04:16:41,558 INFO recruits 2027: page 20 -> 199 rows (cum 4949/4949)
2026-09-12 16:09:28,453 INFO recruits 2027: feed reports 4949 recruits
2026-09-12 16:09:28,474 INFO recruits 2027: page 1 -> 250 rows (cum 250/4949)
2026-09-12 16:09:43,759 INFO recruits 2027: page 2 -> 250 rows (cum 500/4949)
2026-09-12 16:09:57,829 INFO recruits 2027: page 3 -> 250 rows (cum 750/4949)
2026-09-12 16:10:12,985 INFO recruits 2027: page 4 -> 250 rows (cum 1000/4949)
2026-09-12 16:10:29,653 INFO recruits 2027: page 5 -> 250 rows (cum 1250/4949)
2026-09-12 16:10:48,354 INFO recruits 2027: page 6 -> 250 rows (cum 1500/4949)
2026-09-12 16:11:05,268 INFO recruits 2027: page 7 -> 250 rows (cum 1750/4949)
2026-09-12 16:11:20,563 INFO recruits 2027: page 8 -> 250 rows (cum 2000/4949)
2026-09-12 16:11:35,278 INFO recruits 2027: page 9 -> 250 rows (cum 2250/4949)
2026-09-12 16:11:49,130 INFO recruits 2027: page 10 -> 250 rows (cum 2500/4949)
2026-09-12 16:12:04,616 INFO recruits 2027: page 11 -> 250 rows (cum 2750/4949)
2026-09-12 16:12:20,496 INFO recruits 2027: page 12 -> 250 rows (cum 3000/4949)
2026-09-12 16:12:34,179 INFO recruits 2027: page 13 -> 250 rows (cum 3250/4949)
2026-09-12 16:12:46,039 INFO recruits 2027: page 14 -> 250 rows (cum 3500/4949)
2026-09-12 16:12:59,304 INFO recruits 2027: page 15 -> 250 rows (cum 3750/4949)
2026-09-12 16:13:15,800 INFO recruits 2027: page 16 -> 250 rows (cum 4000/4949)
2026-09-12 16:13:29,631 INFO recruits 2027: page 17 -> 250 rows (cum 4250/4949)
2026-09-12 16:13:42,873 INFO recruits 2027: page 18 -> 250 rows (cum 4500/4949)
2026-09-12 16:13:55,326 INFO recruits 2027: page 19 -> 250 rows (cum 4750/4949)
2026-09-12 16:14:05,425 INFO recruits 2027: page 20 -> 199 rows (cum 4949/4949)
2026-09-12 20:23:23,078 INFO recruits 2027: feed reports 4949 recruits
2026-09-12 20:23:23,093 INFO recruits 2027: page 1 -> 250 rows (cum 250/4949)
2026-09-12 20:23:34,712 INFO recruits 2027: page 2 -> 250 rows (cum 500/4949)
2026-09-12 20:23:48,794 INFO recruits 2027: page 3 -> 250 rows (cum 750/4949)
2026-09-12 20:24:05,910 INFO recruits 2027: page 4 -> 250 rows (cum 1000/4949)
2026-09-12 20:24:19,750 INFO recruits 2027: page 5 -> 250 rows (cum 1250/4949)
2026-09-12 20:24:36,877 INFO recruits 2027: page 6 -> 250 rows (cum 1500/4949)
2026-09-12 20:24:49,971 INFO recruits 2027: page 7 -> 250 rows (cum 1750/4949)
2026-09-12 20:25:04,707 INFO recruits 2027: page 8 -> 250 rows (cum 2000/4949)
2026-09-12 20:25:19,381 INFO recruits 2027: page 9 -> 250 rows (cum 2250/4949)
2026-09-12 20:25:32,920 INFO recruits 2027: page 10 -> 250 rows (cum 2500/4949)
2026-09-12 20:25:45,951 INFO recruits 2027: page 11 -> 250 rows (cum 2750/4949)
2026-09-12 20:26:00,368 INFO recruits 2027: page 12 -> 250 rows (cum 3000/4949)
2026-09-12 20:26:15,077 INFO recruits 2027: page 13 -> 250 rows (cum 3250/4949)
2026-09-12 20:26:28,875 INFO recruits 2027: page 14 -> 250 rows (cum 3500/4949)
2026-09-12 20:26:43,782 INFO recruits 2027: page 15 -> 250 rows (cum 3750/4949)
2026-09-12 20:26:58,953 INFO recruits 2027: page 16 -> 250 rows (cum 4000/4949)
2026-09-12 20:27:12,778 INFO recruits 2027: page 17 -> 250 rows (cum 4250/4949)
2026-09-12 20:27:25,580 INFO recruits 2027: page 18 -> 250 rows (cum 4500/4949)
2026-09-12 20:27:39,500 INFO recruits 2027: page 19 -> 250 rows (cum 4750/4949)
2026-09-12 20:27:51,974 INFO recruits 2027: page 20 -> 199 rows (cum 4949/4949)
2026-09-13 04:12:33,886 INFO recruits 2027: feed reports 4951 recruits
2026-09-13 04:12:33,905 INFO recruits 2027: page 1 -> 250 rows (cum 250/4951)
2026-09-13 04:12:46,935 INFO recruits 2027: page 2 -> 250 rows (cum 500/4951)
2026-09-13 04:13:01,976 INFO recruits 2027: page 3 -> 250 rows (cum 750/4951)
2026-09-13 04:13:16,200 INFO recruits 2027: page 4 -> 250 rows (cum 1000/4951)
2026-09-13 04:13:31,031 INFO recruits 2027: page 5 -> 250 rows (cum 1250/4951)
2026-09-13 04:13:46,077 INFO recruits 2027: page 6 -> 250 rows (cum 1500/4951)
2026-09-13 04:13:59,912 INFO recruits 2027: page 7 -> 250 rows (cum 1750/4951)
2026-09-13 04:14:11,533 INFO recruits 2027: page 8 -> 250 rows (cum 2000/4951)
2026-09-13 04:14:24,764 INFO recruits 2027: page 9 -> 250 rows (cum 2250/4951)
2026-09-13 04:14:38,377 INFO recruits 2027: page 10 -> 250 rows (cum 2500/4951)
2026-09-13 04:14:51,004 INFO recruits 2027: page 11 -> 250 rows (cum 2750/4951)
2026-09-13 04:15:03,830 INFO recruits 2027: page 12 -> 250 rows (cum 3000/4951)
2026-09-13 04:15:16,873 INFO recruits 2027: page 13 -> 250 rows (cum 3250/4951)
2026-09-13 04:15:30,520 INFO recruits 2027: page 14 -> 250 rows (cum 3500/4951)
2026-09-13 04:15:43,766 INFO recruits 2027: page 15 -> 250 rows (cum 3750/4951)
2026-09-13 04:15:55,595 INFO recruits 2027: page 16 -> 250 rows (cum 4000/4951)
2026-09-13 04:16:08,418 INFO recruits 2027: page 17 -> 250 rows (cum 4250/4951)
2026-09-13 04:16:21,417 INFO recruits 2027: page 18 -> 250 rows (cum 4500/4951)
2026-09-13 04:16:33,254 INFO recruits 2027: page 19 -> 250 rows (cum 4750/4951)
2026-09-13 04:16:44,481 INFO recruits 2027: page 20 -> 201 rows (cum 4951/4951)
2026-09-13 06:36:31,032 INFO recruits 2027: feed reports 4951 recruits
2026-09-13 06:36:31,053 INFO recruits 2027: page 1 -> 250 rows (cum 250/4951)
2026-09-13 06:36:44,699 INFO recruits 2027: page 2 -> 250 rows (cum 500/4951)
2026-09-13 06:36:58,732 INFO recruits 2027: page 3 -> 250 rows (cum 750/4951)
2026-09-13 06:37:12,348 INFO recruits 2027: page 4 -> 250 rows (cum 1000/4951)
2026-09-13 06:37:26,175 INFO recruits 2027: page 5 -> 250 rows (cum 1250/4951)
2026-09-13 06:37:41,432 INFO recruits 2027: page 6 -> 250 rows (cum 1500/4951)
2026-09-13 06:37:56,675 INFO recruits 2027: page 7 -> 250 rows (cum 1750/4951)
2026-09-13 06:38:10,096 INFO recruits 2027: page 8 -> 250 rows (cum 2000/4951)
2026-09-13 06:38:22,328 INFO recruits 2027: page 9 -> 250 rows (cum 2250/4951)
2026-09-13 06:38:35,748 INFO recruits 2027: page 10 -> 250 rows (cum 2500/4951)
2026-09-13 06:38:49,782 INFO recruits 2027: page 11 -> 250 rows (cum 2750/4951)
2026-09-13 06:39:03,421 INFO recruits 2027: page 12 -> 250 rows (cum 3000/4951)
2026-09-13 06:39:16,245 INFO recruits 2027: page 13 -> 250 rows (cum 3250/4951)
2026-09-13 06:39:30,690 INFO recruits 2027: page 14 -> 250 rows (cum 3500/4951)
2026-09-13 06:39:45,139 INFO recruits 2027: page 15 -> 250 rows (cum 3750/4951)
2026-09-13 06:39:57,979 INFO recruits 2027: page 16 -> 250 rows (cum 4000/4951)
2026-09-13 06:40:10,869 INFO recruits 2027: page 17 -> 250 rows (cum 4250/4951)
2026-09-13 06:40:25,483 INFO recruits 2027: page 18 -> 250 rows (cum 4500/4951)
2026-09-13 06:40:38,114 INFO recruits 2027: page 19 -> 250 rows (cum 4750/4951)
2026-09-13 06:40:49,933 INFO recruits 2027: page 20 -> 201 rows (cum 4951/4951)
2026-09-14 04:11:56,582 INFO recruits 2027: feed reports 4953 recruits
2026-09-14 04:11:56,598 INFO recruits 2027: page 1 -> 250 rows (cum 250/4953)
2026-09-14 04:12:10,250 INFO recruits 2027: page 2 -> 250 rows (cum 500/4953)
2026-09-14 04:12:23,892 INFO recruits 2027: page 3 -> 250 rows (cum 750/4953)
2026-09-14 04:12:38,324 INFO recruits 2027: page 4 -> 250 rows (cum 1000/4953)
2026-09-14 04:12:52,351 INFO recruits 2027: page 5 -> 250 rows (cum 1250/4953)
2026-09-14 04:13:07,400 INFO recruits 2027: page 6 -> 250 rows (cum 1500/4953)
2026-09-14 04:13:21,636 INFO recruits 2027: page 7 -> 250 rows (cum 1750/4953)
2026-09-14 04:13:35,852 INFO recruits 2027: page 8 -> 250 rows (cum 2000/4953)
2026-09-14 04:13:49,288 INFO recruits 2027: page 9 -> 250 rows (cum 2250/4953)
2026-09-14 04:14:05,317 INFO recruits 2027: page 10 -> 250 rows (cum 2500/4953)
2026-09-14 04:14:18,150 INFO recruits 2027: page 11 -> 250 rows (cum 2750/4953)
2026-09-14 04:14:30,986 INFO recruits 2027: page 12 -> 250 rows (cum 3000/4953)
2026-09-14 04:14:44,230 INFO recruits 2027: page 13 -> 250 rows (cum 3250/4953)
2026-09-14 04:14:58,282 INFO recruits 2027: page 14 -> 250 rows (cum 3500/4953)
2026-09-14 04:15:12,745 INFO recruits 2027: page 15 -> 250 rows (cum 3750/4953)
2026-09-14 04:15:25,375 INFO recruits 2027: page 16 -> 250 rows (cum 4000/4953)
2026-09-14 04:15:38,194 INFO recruits 2027: page 17 -> 250 rows (cum 4250/4953)
2026-09-14 04:15:53,426 INFO recruits 2027: page 18 -> 250 rows (cum 4500/4953)
2026-09-14 04:16:06,854 INFO recruits 2027: page 19 -> 250 rows (cum 4750/4953)
2026-09-14 04:16:20,093 INFO recruits 2027: page 20 -> 203 rows (cum 4953/4953)
2026-09-15 04:12:56,866 INFO recruits 2027: feed reports 4957 recruits
2026-09-15 04:12:56,889 INFO recruits 2027: page 1 -> 250 rows (cum 250/4957)
2026-09-15 04:13:10,330 INFO recruits 2027: page 2 -> 250 rows (cum 500/4957)
2026-09-15 04:13:22,976 INFO recruits 2027: page 3 -> 250 rows (cum 750/4957)
2026-09-15 04:13:37,600 INFO recruits 2027: page 4 -> 250 rows (cum 1000/4957)
2026-09-15 04:13:52,046 INFO recruits 2027: page 5 -> 250 rows (cum 1250/4957)
2026-09-15 04:14:05,708 INFO recruits 2027: page 6 -> 250 rows (cum 1500/4957)
2026-09-15 04:14:21,161 INFO recruits 2027: page 7 -> 250 rows (cum 1750/4957)
2026-09-15 04:14:36,993 INFO recruits 2027: page 8 -> 250 rows (cum 2000/4957)
2026-09-15 04:14:51,442 INFO recruits 2027: page 9 -> 250 rows (cum 2250/4957)
2026-09-15 04:15:05,677 INFO recruits 2027: page 10 -> 250 rows (cum 2500/4957)
2026-09-15 04:15:20,336 INFO recruits 2027: page 11 -> 250 rows (cum 2750/4957)
2026-09-15 04:15:32,790 INFO recruits 2027: page 12 -> 250 rows (cum 3000/4957)
2026-09-15 04:15:46,041 INFO recruits 2027: page 13 -> 250 rows (cum 3250/4957)
2026-09-15 04:16:00,711 INFO recruits 2027: page 14 -> 250 rows (cum 3500/4957)
2026-09-15 04:16:14,159 INFO recruits 2027: page 15 -> 250 rows (cum 3750/4957)
2026-09-15 04:16:28,204 INFO recruits 2027: page 16 -> 250 rows (cum 4000/4957)
2026-09-15 04:16:40,463 INFO recruits 2027: page 17 -> 250 rows (cum 4250/4957)
2026-09-15 04:16:53,894 INFO recruits 2027: page 18 -> 250 rows (cum 4500/4957)
2026-09-15 04:17:07,145 INFO recruits 2027: page 19 -> 250 rows (cum 4750/4957)
2026-09-15 04:17:18,986 INFO recruits 2027: page 20 -> 207 rows (cum 4957/4957)
2026-09-16 04:12:32,510 INFO recruits 2027: feed reports 4958 recruits
2026-09-16 04:12:32,551 INFO recruits 2027: page 1 -> 250 rows (cum 250/4958)
2026-09-16 04:12:46,472 INFO recruits 2027: page 2 -> 250 rows (cum 500/4958)
2026-09-16 04:13:00,545 INFO recruits 2027: page 3 -> 250 rows (cum 750/4958)
2026-09-16 04:13:15,412 INFO recruits 2027: page 4 -> 250 rows (cum 1000/4958)
2026-09-16 04:13:29,478 INFO recruits 2027: page 5 -> 250 rows (cum 1250/4958)
2026-09-16 04:13:43,354 INFO recruits 2027: page 6 -> 250 rows (cum 1500/4958)
2026-09-16 04:13:58,244 INFO recruits 2027: page 7 -> 250 rows (cum 1750/4958)
2026-09-16 04:14:11,087 INFO recruits 2027: page 8 -> 250 rows (cum 2000/4958)
2026-09-16 04:14:25,571 INFO recruits 2027: page 9 -> 250 rows (cum 2250/4958)
2026-09-16 04:14:40,418 INFO recruits 2027: page 10 -> 250 rows (cum 2500/4958)
2026-09-16 04:14:53,685 INFO recruits 2027: page 11 -> 250 rows (cum 2750/4958)
2026-09-16 04:15:06,787 INFO recruits 2027: page 12 -> 250 rows (cum 3000/4958)
2026-09-16 04:15:19,859 INFO recruits 2027: page 13 -> 250 rows (cum 3250/4958)
2026-09-16 04:15:32,755 INFO recruits 2027: page 14 -> 250 rows (cum 3500/4958)
2026-09-16 04:15:47,280 INFO recruits 2027: page 15 -> 250 rows (cum 3750/4958)
2026-09-16 04:15:59,564 INFO recruits 2027: page 16 -> 250 rows (cum 4000/4958)
2026-09-16 04:16:12,678 INFO recruits 2027: page 17 -> 250 rows (cum 4250/4958)
2026-09-16 04:16:26,331 INFO recruits 2027: page 18 -> 250 rows (cum 4500/4958)
2026-09-16 04:16:38,634 INFO recruits 2027: page 19 -> 250 rows (cum 4750/4958)
2026-09-16 04:16:50,500 INFO recruits 2027: page 20 -> 208 rows (cum 4958/4958)
