2026-08-27 04:17:12,550 INFO 2015 fbs (group 80): 136 teams
2026-08-27 04:17:12,686 INFO 2015 fcs (group 81): 125 teams
2026-08-27 04:17:20,244 INFO 2015: 261 teams, 44 conferences, 0 incomplete
2026-08-27 04:17:20,341 INFO 2015: wrote cfb\teams\json\2015.json
2026-08-27 06:08:10,393 INFO 2015 root (group 99): 770 teams
2026-08-27 06:08:10,531 INFO 2015 ncaa_division_i (group 90): 261 teams
2026-08-27 06:08:10,677 INFO 2015 fbs (group 80): 136 teams
2026-08-27 06:08:10,823 INFO 2015 fcs (group 81): 125 teams
2026-08-27 06:08:10,959 INFO 2015 division_ii_iii (group 35): 509 teams
2026-08-27 06:08:11,099 INFO 2015 ncaa_division_ii (group 57): 159 teams
2026-08-27 06:08:11,247 INFO 2015 ncaa_division_iii (group 58): 249 teams
2026-08-27 06:08:11,383 INFO 2015 all_star (group 36): 0 teams
2026-08-27 06:08:11,454 INFO 2015: 771 teams (261 reused, 510 to fetch)
2026-08-27 06:08:27,859 INFO 2015: 771 teams, 107 conferences, 0 incomplete
2026-08-27 06:08:28,093 INFO 2015: wrote cfb\teams\json\2015.json
2026-08-27 06:14:36,717 INFO 2015 root (group 99): 770 teams
2026-08-27 06:14:36,850 INFO 2015 ncaa_division_i (group 90): 261 teams
2026-08-27 06:14:36,986 INFO 2015 fbs (group 80): 136 teams
2026-08-27 06:14:37,123 INFO 2015 fcs (group 81): 125 teams
2026-08-27 06:14:37,264 INFO 2015 division_ii_iii (group 35): 509 teams
2026-08-27 06:14:37,404 INFO 2015 ncaa_division_ii (group 57): 159 teams
2026-08-27 06:14:37,839 INFO 2015 ncaa_division_iii (group 58): 249 teams
2026-08-27 06:14:37,969 INFO 2015 all_star (group 36): 0 teams
2026-08-27 06:14:38,108 INFO 2015 naia (group 186): 0 teams
2026-08-27 06:14:38,178 INFO 2015: 771 teams (771 reused, 0 to fetch)
2026-08-27 06:14:38,179 INFO 2015: 771 teams, 107 conferences, 0 incomplete
2026-08-27 06:14:38,363 INFO 2015: wrote cfb\teams\json\2015.json
