2026-08-27 04:18:09,315 INFO 2022 fbs (group 80): 143 teams
2026-08-27 04:18:09,458 INFO 2022 fcs (group 81): 132 teams
2026-08-27 04:18:17,223 INFO 2022: 275 teams, 40 conferences, 0 incomplete
2026-08-27 04:18:17,346 INFO 2022: wrote cfb\teams\json\2022.json
2026-08-27 06:10:11,754 INFO 2022 root (group 99): 796 teams
2026-08-27 06:10:11,898 INFO 2022 ncaa_division_i (group 90): 271 teams
2026-08-27 06:10:12,041 INFO 2022 fbs (group 80): 143 teams
2026-08-27 06:10:12,180 INFO 2022 fcs (group 81): 132 teams
2026-08-27 06:10:12,337 INFO 2022 division_ii_iii (group 35): 573 teams
2026-08-27 06:10:12,506 INFO 2022 ncaa_division_ii (group 57): 178 teams
2026-08-27 06:10:12,654 INFO 2022 ncaa_division_iii (group 58): 244 teams
2026-08-27 06:10:12,801 INFO 2022 all_star (group 36): 0 teams
2026-08-27 06:10:12,871 INFO 2022: 848 teams (275 reused, 573 to fetch)
2026-08-27 06:10:29,453 INFO 2022: 848 teams, 92 conferences, 0 incomplete
2026-08-27 06:10:29,649 INFO 2022: wrote cfb\teams\json\2022.json
2026-08-27 06:14:47,212 INFO 2022 root (group 99): 796 teams
2026-08-27 06:14:47,349 INFO 2022 ncaa_division_i (group 90): 271 teams
2026-08-27 06:14:47,482 INFO 2022 fbs (group 80): 143 teams
2026-08-27 06:14:47,612 INFO 2022 fcs (group 81): 132 teams
2026-08-27 06:14:47,743 INFO 2022 division_ii_iii (group 35): 573 teams
2026-08-27 06:14:47,873 INFO 2022 ncaa_division_ii (group 57): 178 teams
2026-08-27 06:14:48,012 INFO 2022 ncaa_division_iii (group 58): 244 teams
2026-08-27 06:14:48,144 INFO 2022 all_star (group 36): 0 teams
2026-08-27 06:14:48,280 INFO 2022 naia (group 186): 0 teams
2026-08-27 06:14:48,350 INFO 2022: 848 teams (848 reused, 0 to fetch)
2026-08-27 06:14:48,352 INFO 2022: 848 teams, 92 conferences, 0 incomplete
2026-08-27 06:14:48,598 INFO 2022: wrote cfb\teams\json\2022.json
