2026-08-27 04:16:27,720 INFO 2009 fbs (group 80): 124 teams
2026-08-27 04:16:27,884 INFO 2009 fcs (group 81): 125 teams
2026-08-27 04:16:34,828 INFO 2009: 249 teams, 39 conferences, 0 incomplete
2026-08-27 04:16:34,945 INFO 2009: wrote cfb\teams\json\2009.json
2026-08-27 06:06:35,106 INFO 2009 root (group 99): 701 teams
2026-08-27 06:06:35,249 INFO 2009 ncaa_division_i (group 90): 249 teams
2026-08-27 06:06:35,397 INFO 2009 fbs (group 80): 124 teams
2026-08-27 06:06:35,539 INFO 2009 fcs (group 81): 125 teams
2026-08-27 06:06:35,697 INFO 2009 division_ii_iii (group 35): 452 teams
2026-08-27 06:06:35,866 INFO 2009 ncaa_division_ii (group 57): 1 teams
2026-08-27 06:06:36,008 INFO 2009 ncaa_division_iii (group 58): 0 teams
2026-08-27 06:06:36,157 INFO 2009 all_star (group 36): 0 teams
2026-08-27 06:06:36,227 INFO 2009: 701 teams (249 reused, 452 to fetch)
2026-08-27 06:06:48,388 INFO 2009: 701 teams, 45 conferences, 0 incomplete
2026-08-27 06:06:48,558 INFO 2009: wrote cfb\teams\json\2009.json
2026-08-27 06:14:28,057 INFO 2009 root (group 99): 701 teams
2026-08-27 06:14:28,188 INFO 2009 ncaa_division_i (group 90): 249 teams
2026-08-27 06:14:28,321 INFO 2009 fbs (group 80): 124 teams
2026-08-27 06:14:28,455 INFO 2009 fcs (group 81): 125 teams
2026-08-27 06:14:28,599 INFO 2009 division_ii_iii (group 35): 452 teams
2026-08-27 06:14:28,729 INFO 2009 ncaa_division_ii (group 57): 1 teams
2026-08-27 06:14:28,864 INFO 2009 ncaa_division_iii (group 58): 0 teams
2026-08-27 06:14:28,994 INFO 2009 all_star (group 36): 0 teams
2026-08-27 06:14:29,127 INFO 2009 naia (group 186): 0 teams
2026-08-27 06:14:29,203 INFO 2009: 701 teams (701 reused, 0 to fetch)
2026-08-27 06:14:29,204 INFO 2009: 701 teams, 45 conferences, 0 incomplete
2026-08-27 06:14:29,441 INFO 2009: wrote cfb\teams\json\2009.json
