2026-08-27 04:17:36,163 INFO 2018 fbs (group 80): 138 teams
2026-08-27 04:17:36,316 INFO 2018 fcs (group 81): 125 teams
2026-08-27 04:17:44,011 INFO 2018: 263 teams, 45 conferences, 0 incomplete
2026-08-27 04:17:44,139 INFO 2018: wrote cfb\teams\json\2018.json
2026-08-27 06:09:01,774 INFO 2018 root (group 99): 777 teams
2026-08-27 06:09:01,915 INFO 2018 ncaa_division_i (group 90): 263 teams
2026-08-27 06:09:02,079 INFO 2018 fbs (group 80): 138 teams
2026-08-27 06:09:02,218 INFO 2018 fcs (group 81): 125 teams
2026-08-27 06:09:02,383 INFO 2018 division_ii_iii (group 35): 513 teams
2026-08-27 06:09:02,527 INFO 2018 ncaa_division_ii (group 57): 159 teams
2026-08-27 06:09:02,672 INFO 2018 ncaa_division_iii (group 58): 252 teams
2026-08-27 06:09:02,815 INFO 2018 all_star (group 36): 0 teams
2026-08-27 06:09:02,886 INFO 2018: 778 teams (263 reused, 515 to fetch)
2026-08-27 06:09:18,500 INFO 2018: 778 teams, 108 conferences, 0 incomplete
2026-08-27 06:09:18,829 INFO 2018: wrote cfb\teams\json\2018.json
2026-08-27 06:14:41,388 INFO 2018 root (group 99): 777 teams
2026-08-27 06:14:41,519 INFO 2018 ncaa_division_i (group 90): 263 teams
2026-08-27 06:14:41,653 INFO 2018 fbs (group 80): 138 teams
2026-08-27 06:14:41,782 INFO 2018 fcs (group 81): 125 teams
2026-08-27 06:14:41,912 INFO 2018 division_ii_iii (group 35): 513 teams
2026-08-27 06:14:42,040 INFO 2018 ncaa_division_ii (group 57): 159 teams
2026-08-27 06:14:42,174 INFO 2018 ncaa_division_iii (group 58): 252 teams
2026-08-27 06:14:42,307 INFO 2018 all_star (group 36): 0 teams
2026-08-27 06:14:42,443 INFO 2018 naia (group 186): 0 teams
2026-08-27 06:14:42,511 INFO 2018: 778 teams (778 reused, 0 to fetch)
2026-08-27 06:14:42,512 INFO 2018: 778 teams, 108 conferences, 0 incomplete
2026-08-27 06:14:42,755 INFO 2018: wrote cfb\teams\json\2018.json
