2026-08-27 04:17:20,412 INFO 2016 fbs (group 80): 137 teams
2026-08-27 04:17:20,568 INFO 2016 fcs (group 81): 125 teams
2026-08-27 04:17:28,217 INFO 2016: 262 teams, 43 conferences, 0 incomplete
2026-08-27 04:17:28,341 INFO 2016: wrote cfb\teams\json\2016.json
2026-08-27 06:08:28,179 INFO 2016 root (group 99): 773 teams
2026-08-27 06:08:28,319 INFO 2016 ncaa_division_i (group 90): 262 teams
2026-08-27 06:08:28,464 INFO 2016 fbs (group 80): 137 teams
2026-08-27 06:08:28,617 INFO 2016 fcs (group 81): 125 teams
2026-08-27 06:08:28,770 INFO 2016 division_ii_iii (group 35): 509 teams
2026-08-27 06:08:28,920 INFO 2016 ncaa_division_ii (group 57): 159 teams
2026-08-27 06:08:29,074 INFO 2016 ncaa_division_iii (group 58): 250 teams
2026-08-27 06:08:29,216 INFO 2016 all_star (group 36): 0 teams
2026-08-27 06:08:29,288 INFO 2016: 774 teams (262 reused, 512 to fetch)
2026-08-27 06:08:44,560 INFO 2016: 774 teams, 105 conferences, 0 incomplete
2026-08-27 06:08:44,748 INFO 2016: wrote cfb\teams\json\2016.json
2026-08-27 06:14:38,503 INFO 2016 root (group 99): 773 teams
2026-08-27 06:14:38,635 INFO 2016 ncaa_division_i (group 90): 262 teams
2026-08-27 06:14:38,784 INFO 2016 fbs (group 80): 137 teams
2026-08-27 06:14:38,916 INFO 2016 fcs (group 81): 125 teams
2026-08-27 06:14:39,046 INFO 2016 division_ii_iii (group 35): 509 teams
2026-08-27 06:14:39,175 INFO 2016 ncaa_division_ii (group 57): 159 teams
2026-08-27 06:14:39,312 INFO 2016 ncaa_division_iii (group 58): 250 teams
2026-08-27 06:14:39,444 INFO 2016 all_star (group 36): 0 teams
2026-08-27 06:14:39,588 INFO 2016 naia (group 186): 0 teams
2026-08-27 06:14:39,657 INFO 2016: 774 teams (774 reused, 0 to fetch)
2026-08-27 06:14:39,658 INFO 2016: 774 teams, 105 conferences, 0 incomplete
2026-08-27 06:14:39,835 INFO 2016: wrote cfb\teams\json\2016.json
