From https://github.com/sportsdataverse/cfbfastR-cfb-raw
   ad1226993..a3652bcac  main       -> origin/main
 * [new branch]          docs/cfb-modeling-suite-tracks-2-6 -> origin/docs/cfb-modeling-suite-tracks-2-6
2026-08-02 12:40:45,933 INFO schedules 2026: 946 games
2026-08-02 12:40:48,080 INFO season 2026: 7 games to scrape (rescrape=False)
cfb 2026:   0%|          | 0/7 [00:00<?, ?it/s]2026-08-02 12:40:48,573 ERROR extra fetch failed: _rosters(401858439,)
Traceback (most recent call last):
  File "/home/runner/work/cfbfastR-cfb-raw/cfbfastR-cfb-raw/python/_cfb_raw_utils.py", line 166, in _safe
    return fn(*args, **kwargs)
           ^^^^^^^^^^^^^^^^^^^
  File "/home/runner/work/cfbfastR-cfb-raw/cfbfastR-cfb-raw/python/scrape_cfb_json.py", line 55, in _rosters
    return sdv.cfb.espn_cfb_game_rosters(
           ^^^^^^^^^^^^^^^^^^^^^^^^^^^^^^
  File "/home/runner/work/cfbfastR-cfb-raw/cfbfastR-cfb-raw/.venv/lib/python3.11/site-packages/sportsdataverse/cfb/cfb_game_rosters.py", line 66, in espn_cfb_game_rosters
    team_rosters = helper_cfb_roster_items(items=items, summary_url=summary_url, **kwargs)
                   ^^^^^^^^^^^^^^^^^^^^^^^^^^^^^^^^^^^^^^^^^^^^^^^^^^^^^^^^^^^^^^^^^^^^^^^
  File "/home/runner/work/cfbfastR-cfb-raw/cfbfastR-cfb-raw/.venv/lib/python3.11/site-packages/sportsdataverse/cfb/cfb_game_rosters.py", line 209, in helper_cfb_roster_items
    raise NoESPNDataError(f"NoESPNDataError: No roster data found for any team at {summary_url}")
sportsdataverse.errors.NoESPNDataError: NoESPNDataError: No roster data found for any team at https://sports.core.api.espn.com/v2/sports/football/leagues/college-football/events/401858439/competitions/401858439/competitors
ERROR:cfb_json_2026:extra fetch failed: _rosters(401858439,)
Traceback (most recent call last):
  File "/home/runner/work/cfbfastR-cfb-raw/cfbfastR-cfb-raw/python/_cfb_raw_utils.py", line 166, in _safe
    return fn(*args, **kwargs)
           ^^^^^^^^^^^^^^^^^^^
  File "/home/runner/work/cfbfastR-cfb-raw/cfbfastR-cfb-raw/python/scrape_cfb_json.py", line 55, in _rosters
    return sdv.cfb.espn_cfb_game_rosters(
           ^^^^^^^^^^^^^^^^^^^^^^^^^^^^^^
  File "/home/runner/work/cfbfastR-cfb-raw/cfbfastR-cfb-raw/.venv/lib/python3.11/site-packages/sportsdataverse/cfb/cfb_game_rosters.py", line 66, in espn_cfb_game_rosters
    team_rosters = helper_cfb_roster_items(items=items, summary_url=summary_url, **kwargs)
                   ^^^^^^^^^^^^^^^^^^^^^^^^^^^^^^^^^^^^^^^^^^^^^^^^^^^^^^^^^^^^^^^^^^^^^^^
  File "/home/runner/work/cfbfastR-cfb-raw/cfbfastR-cfb-raw/.venv/lib/python3.11/site-packages/sportsdataverse/cfb/cfb_game_rosters.py", line 209, in helper_cfb_roster_items
    raise NoESPNDataError(f"NoESPNDataError: No roster data found for any team at {summary_url}")
sportsdataverse.errors.NoESPNDataError: NoESPNDataError: No roster data found for any team at https://sports.core.api.espn.com/v2/sports/football/leagues/college-football/events/401858439/competitions/401858439/competitors
2026-08-02 12:40:48,586 ERROR extra fetch failed: _rosters(401858425,)
Traceback (most recent call last):
  File "/home/runner/work/cfbfastR-cfb-raw/cfbfastR-cfb-raw/python/_cfb_raw_utils.py", line 166, in _safe
    return fn(*args, **kwargs)
           ^^^^^^^^^^^^^^^^^^^
  File "/home/runner/work/cfbfastR-cfb-raw/cfbfastR-cfb-raw/python/scrape_cfb_json.py", line 55, in _rosters
    return sdv.cfb.espn_cfb_game_rosters(
           ^^^^^^^^^^^^^^^^^^^^^^^^^^^^^^
  File "/home/runner/work/cfbfastR-cfb-raw/cfbfastR-cfb-raw/.venv/lib/python3.11/site-packages/sportsdataverse/cfb/cfb_game_rosters.py", line 66, in espn_cfb_game_rosters
    team_rosters = helper_cfb_roster_items(items=items, summary_url=summary_url, **kwargs)
                   ^^^^^^^^^^^^^^^^^^^^^^^^^^^^^^^^^^^^^^^^^^^^^^^^^^^^^^^^^^^^^^^^^^^^^^^
  File "/home/runner/work/cfbfastR-cfb-raw/cfbfastR-cfb-raw/.venv/lib/python3.11/site-packages/sportsdataverse/cfb/cfb_game_rosters.py", line 209, in helper_cfb_roster_items
    raise NoESPNDataError(f"NoESPNDataError: No roster data found for any team at {summary_url}")
sportsdataverse.errors.NoESPNDataError: NoESPNDataError: No roster data found for any team at https://sports.core.api.espn.com/v2/sports/football/leagues/college-football/events/401858425/competitions/401858425/competitors
ERROR:cfb_json_2026:extra fetch failed: _rosters(401858425,)
Traceback (most recent call last):
  File "/home/runner/work/cfbfastR-cfb-raw/cfbfastR-cfb-raw/python/_cfb_raw_utils.py", line 166, in _safe
    return fn(*args, **kwargs)
           ^^^^^^^^^^^^^^^^^^^
  File "/home/runner/work/cfbfastR-cfb-raw/cfbfastR-cfb-raw/python/scrape_cfb_json.py", line 55, in _rosters
    return sdv.cfb.espn_cfb_game_rosters(
           ^^^^^^^^^^^^^^^^^^^^^^^^^^^^^^
  File "/home/runner/work/cfbfastR-cfb-raw/cfbfastR-cfb-raw/.venv/lib/python3.11/site-packages/sportsdataverse/cfb/cfb_game_rosters.py", line 66, in espn_cfb_game_rosters
    team_rosters = helper_cfb_roster_items(items=items, summary_url=summary_url, **kwargs)
                   ^^^^^^^^^^^^^^^^^^^^^^^^^^^^^^^^^^^^^^^^^^^^^^^^^^^^^^^^^^^^^^^^^^^^^^^
  File "/home/runner/work/cfbfastR-cfb-raw/cfbfastR-cfb-raw/.venv/lib/python3.11/site-packages/sportsdataverse/cfb/cfb_game_rosters.py", line 209, in helper_cfb_roster_items
    raise NoESPNDataError(f"NoESPNDataError: No roster data found for any team at {summary_url}")
sportsdataverse.errors.NoESPNDataError: NoESPNDataError: No roster data found for any team at https://sports.core.api.espn.com/v2/sports/football/leagues/college-football/events/401858425/competitions/401858425/competitors
cfb 2026:  14%|█▍        | 1/7 [00:00<00:03,  1.91it/s]2026-08-02 12:40:48,868 ERROR extra fetch failed: _rosters(401860883,)
Traceback (most recent call last):
  File "/home/runner/work/cfbfastR-cfb-raw/cfbfastR-cfb-raw/python/_cfb_raw_utils.py", line 166, in _safe
    return fn(*args, **kwargs)
           ^^^^^^^^^^^^^^^^^^^
  File "/home/runner/work/cfbfastR-cfb-raw/cfbfastR-cfb-raw/python/scrape_cfb_json.py", line 55, in _rosters
    return sdv.cfb.espn_cfb_game_rosters(
           ^^^^^^^^^^^^^^^^^^^^^^^^^^^^^^
  File "/home/runner/work/cfbfastR-cfb-raw/cfbfastR-cfb-raw/.venv/lib/python3.11/site-packages/sportsdataverse/cfb/cfb_game_rosters.py", line 66, in espn_cfb_game_rosters
    team_rosters = helper_cfb_roster_items(items=items, summary_url=summary_url, **kwargs)
                   ^^^^^^^^^^^^^^^^^^^^^^^^^^^^^^^^^^^^^^^^^^^^^^^^^^^^^^^^^^^^^^^^^^^^^^^
  File "/home/runner/work/cfbfastR-cfb-raw/cfbfastR-cfb-raw/.venv/lib/python3.11/site-packages/sportsdataverse/cfb/cfb_game_rosters.py", line 209, in helper_cfb_roster_items
    raise NoESPNDataError(f"NoESPNDataError: No roster data found for any team at {summary_url}")
sportsdataverse.errors.NoESPNDataError: NoESPNDataError: No roster data found for any team at https://sports.core.api.espn.com/v2/sports/football/leagues/college-football/events/401860883/competitions/401860883/competitors
ERROR:cfb_json_2026:extra fetch failed: _rosters(401860883,)
Traceback (most recent call last):
  File "/home/runner/work/cfbfastR-cfb-raw/cfbfastR-cfb-raw/python/_cfb_raw_utils.py", line 166, in _safe
    return fn(*args, **kwargs)
           ^^^^^^^^^^^^^^^^^^^
  File "/home/runner/work/cfbfastR-cfb-raw/cfbfastR-cfb-raw/python/scrape_cfb_json.py", line 55, in _rosters
    return sdv.cfb.espn_cfb_game_rosters(
           ^^^^^^^^^^^^^^^^^^^^^^^^^^^^^^
  File "/home/runner/work/cfbfastR-cfb-raw/cfbfastR-cfb-raw/.venv/lib/python3.11/site-packages/sportsdataverse/cfb/cfb_game_rosters.py", line 66, in espn_cfb_game_rosters
    team_rosters = helper_cfb_roster_items(items=items, summary_url=summary_url, **kwargs)
                   ^^^^^^^^^^^^^^^^^^^^^^^^^^^^^^^^^^^^^^^^^^^^^^^^^^^^^^^^^^^^^^^^^^^^^^^
  File "/home/runner/work/cfbfastR-cfb-raw/cfbfastR-cfb-raw/.venv/lib/python3.11/site-packages/sportsdataverse/cfb/cfb_game_rosters.py", line 209, in helper_cfb_roster_items
    raise NoESPNDataError(f"NoESPNDataError: No roster data found for any team at {summary_url}")
sportsdataverse.errors.NoESPNDataError: NoESPNDataError: No roster data found for any team at https://sports.core.api.espn.com/v2/sports/football/leagues/college-football/events/401860883/competitions/401860883/competitors
2026-08-02 12:40:48,874 ERROR extra fetch failed: _rosters(401866478,)
Traceback (most recent call last):
  File "/home/runner/work/cfbfastR-cfb-raw/cfbfastR-cfb-raw/python/_cfb_raw_utils.py", line 166, in _safe
    return fn(*args, **kwargs)
           ^^^^^^^^^^^^^^^^^^^
  File "/home/runner/work/cfbfastR-cfb-raw/cfbfastR-cfb-raw/python/scrape_cfb_json.py", line 55, in _rosters
    return sdv.cfb.espn_cfb_game_rosters(
           ^^^^^^^^^^^^^^^^^^^^^^^^^^^^^^
  File "/home/runner/work/cfbfastR-cfb-raw/cfbfastR-cfb-raw/.venv/lib/python3.11/site-packages/sportsdataverse/cfb/cfb_game_rosters.py", line 66, in espn_cfb_game_rosters
    team_rosters = helper_cfb_roster_items(items=items, summary_url=summary_url, **kwargs)
                   ^^^^^^^^^^^^^^^^^^^^^^^^^^^^^^^^^^^^^^^^^^^^^^^^^^^^^^^^^^^^^^^^^^^^^^^
  File "/home/runner/work/cfbfastR-cfb-raw/cfbfastR-cfb-raw/.venv/lib/python3.11/site-packages/sportsdataverse/cfb/cfb_game_rosters.py", line 209, in helper_cfb_roster_items
    raise NoESPNDataError(f"NoESPNDataError: No roster data found for any team at {summary_url}")
sportsdataverse.errors.NoESPNDataError: NoESPNDataError: No roster data found for any team at https://sports.core.api.espn.com/v2/sports/football/leagues/college-football/events/401866478/competitions/401866478/competitors
ERROR:cfb_json_2026:extra fetch failed: _rosters(401866478,)
Traceback (most recent call last):
  File "/home/runner/work/cfbfastR-cfb-raw/cfbfastR-cfb-raw/python/_cfb_raw_utils.py", line 166, in _safe
    return fn(*args, **kwargs)
           ^^^^^^^^^^^^^^^^^^^
  File "/home/runner/work/cfbfastR-cfb-raw/cfbfastR-cfb-raw/python/scrape_cfb_json.py", line 55, in _rosters
    return sdv.cfb.espn_cfb_game_rosters(
           ^^^^^^^^^^^^^^^^^^^^^^^^^^^^^^
  File "/home/runner/work/cfbfastR-cfb-raw/cfbfastR-cfb-raw/.venv/lib/python3.11/site-packages/sportsdataverse/cfb/cfb_game_rosters.py", line 66, in espn_cfb_game_rosters
    team_rosters = helper_cfb_roster_items(items=items, summary_url=summary_url, **kwargs)
                   ^^^^^^^^^^^^^^^^^^^^^^^^^^^^^^^^^^^^^^^^^^^^^^^^^^^^^^^^^^^^^^^^^^^^^^^
  File "/home/runner/work/cfbfastR-cfb-raw/cfbfastR-cfb-raw/.venv/lib/python3.11/site-packages/sportsdataverse/cfb/cfb_game_rosters.py", line 209, in helper_cfb_roster_items
    raise NoESPNDataError(f"NoESPNDataError: No roster data found for any team at {summary_url}")
sportsdataverse.errors.NoESPNDataError: NoESPNDataError: No roster data found for any team at https://sports.core.api.espn.com/v2/sports/football/leagues/college-football/events/401866478/competitions/401866478/competitors
cfb 2026:  43%|████▎     | 3/7 [00:00<00:00,  4.20it/s]2026-08-02 12:40:49,156 ERROR extra fetch failed: _rosters(401856733,)
Traceback (most recent call last):
  File "/home/runner/work/cfbfastR-cfb-raw/cfbfastR-cfb-raw/python/_cfb_raw_utils.py", line 166, in _safe
    return fn(*args, **kwargs)
           ^^^^^^^^^^^^^^^^^^^
  File "/home/runner/work/cfbfastR-cfb-raw/cfbfastR-cfb-raw/python/scrape_cfb_json.py", line 55, in _rosters
    return sdv.cfb.espn_cfb_game_rosters(
           ^^^^^^^^^^^^^^^^^^^^^^^^^^^^^^
  File "/home/runner/work/cfbfastR-cfb-raw/cfbfastR-cfb-raw/.venv/lib/python3.11/site-packages/sportsdataverse/cfb/cfb_game_rosters.py", line 66, in espn_cfb_game_rosters
    team_rosters = helper_cfb_roster_items(items=items, summary_url=summary_url, **kwargs)
                   ^^^^^^^^^^^^^^^^^^^^^^^^^^^^^^^^^^^^^^^^^^^^^^^^^^^^^^^^^^^^^^^^^^^^^^^
  File "/home/runner/work/cfbfastR-cfb-raw/cfbfastR-cfb-raw/.venv/lib/python3.11/site-packages/sportsdataverse/cfb/cfb_game_rosters.py", line 209, in helper_cfb_roster_items
    raise NoESPNDataError(f"NoESPNDataError: No roster data found for any team at {summary_url}")
sportsdataverse.errors.NoESPNDataError: NoESPNDataError: No roster data found for any team at https://sports.core.api.espn.com/v2/sports/football/leagues/college-football/events/401856733/competitions/401856733/competitors
ERROR:cfb_json_2026:extra fetch failed: _rosters(401856733,)
Traceback (most recent call last):
  File "/home/runner/work/cfbfastR-cfb-raw/cfbfastR-cfb-raw/python/_cfb_raw_utils.py", line 166, in _safe
    return fn(*args, **kwargs)
           ^^^^^^^^^^^^^^^^^^^
  File "/home/runner/work/cfbfastR-cfb-raw/cfbfastR-cfb-raw/python/scrape_cfb_json.py", line 55, in _rosters
    return sdv.cfb.espn_cfb_game_rosters(
           ^^^^^^^^^^^^^^^^^^^^^^^^^^^^^^
  File "/home/runner/work/cfbfastR-cfb-raw/cfbfastR-cfb-raw/.venv/lib/python3.11/site-packages/sportsdataverse/cfb/cfb_game_rosters.py", line 66, in espn_cfb_game_rosters
    team_rosters = helper_cfb_roster_items(items=items, summary_url=summary_url, **kwargs)
                   ^^^^^^^^^^^^^^^^^^^^^^^^^^^^^^^^^^^^^^^^^^^^^^^^^^^^^^^^^^^^^^^^^^^^^^^
  File "/home/runner/work/cfbfastR-cfb-raw/cfbfastR-cfb-raw/.venv/lib/python3.11/site-packages/sportsdataverse/cfb/cfb_game_rosters.py", line 209, in helper_cfb_roster_items
    raise NoESPNDataError(f"NoESPNDataError: No roster data found for any team at {summary_url}")
sportsdataverse.errors.NoESPNDataError: NoESPNDataError: No roster data found for any team at https://sports.core.api.espn.com/v2/sports/football/leagues/college-football/events/401856733/competitions/401856733/competitors
cfb 2026:  71%|███████▏  | 5/7 [00:01<00:00,  5.30it/s]2026-08-02 12:40:49,228 ERROR extra fetch failed: _rosters(401858505,)
Traceback (most recent call last):
  File "/home/runner/work/cfbfastR-cfb-raw/cfbfastR-cfb-raw/python/_cfb_raw_utils.py", line 166, in _safe
    return fn(*args, **kwargs)
           ^^^^^^^^^^^^^^^^^^^
  File "/home/runner/work/cfbfastR-cfb-raw/cfbfastR-cfb-raw/python/scrape_cfb_json.py", line 55, in _rosters
    return sdv.cfb.espn_cfb_game_rosters(
           ^^^^^^^^^^^^^^^^^^^^^^^^^^^^^^
  File "/home/runner/work/cfbfastR-cfb-raw/cfbfastR-cfb-raw/.venv/lib/python3.11/site-packages/sportsdataverse/cfb/cfb_game_rosters.py", line 66, in espn_cfb_game_rosters
    team_rosters = helper_cfb_roster_items(items=items, summary_url=summary_url, **kwargs)
                   ^^^^^^^^^^^^^^^^^^^^^^^^^^^^^^^^^^^^^^^^^^^^^^^^^^^^^^^^^^^^^^^^^^^^^^^
  File "/home/runner/work/cfbfastR-cfb-raw/cfbfastR-cfb-raw/.venv/lib/python3.11/site-packages/sportsdataverse/cfb/cfb_game_rosters.py", line 209, in helper_cfb_roster_items
    raise NoESPNDataError(f"NoESPNDataError: No roster data found for any team at {summary_url}")
sportsdataverse.errors.NoESPNDataError: NoESPNDataError: No roster data found for any team at https://sports.core.api.espn.com/v2/sports/football/leagues/college-football/events/401858505/competitions/401858505/competitors
ERROR:cfb_json_2026:extra fetch failed: _rosters(401858505,)
Traceback (most recent call last):
  File "/home/runner/work/cfbfastR-cfb-raw/cfbfastR-cfb-raw/python/_cfb_raw_utils.py", line 166, in _safe
    return fn(*args, **kwargs)
           ^^^^^^^^^^^^^^^^^^^
  File "/home/runner/work/cfbfastR-cfb-raw/cfbfastR-cfb-raw/python/scrape_cfb_json.py", line 55, in _rosters
    return sdv.cfb.espn_cfb_game_rosters(
           ^^^^^^^^^^^^^^^^^^^^^^^^^^^^^^
  File "/home/runner/work/cfbfastR-cfb-raw/cfbfastR-cfb-raw/.venv/lib/python3.11/site-packages/sportsdataverse/cfb/cfb_game_rosters.py", line 66, in espn_cfb_game_rosters
    team_rosters = helper_cfb_roster_items(items=items, summary_url=summary_url, **kwargs)
                   ^^^^^^^^^^^^^^^^^^^^^^^^^^^^^^^^^^^^^^^^^^^^^^^^^^^^^^^^^^^^^^^^^^^^^^^
  File "/home/runner/work/cfbfastR-cfb-raw/cfbfastR-cfb-raw/.venv/lib/python3.11/site-packages/sportsdataverse/cfb/cfb_game_rosters.py", line 209, in helper_cfb_roster_items
    raise NoESPNDataError(f"NoESPNDataError: No roster data found for any team at {summary_url}")
sportsdataverse.errors.NoESPNDataError: NoESPNDataError: No roster data found for any team at https://sports.core.api.espn.com/v2/sports/football/leagues/college-football/events/401858505/competitions/401858505/competitors
2026-08-02 12:40:49,482 ERROR extra fetch failed: _rosters(401869947,)
Traceback (most recent call last):
  File "/home/runner/work/cfbfastR-cfb-raw/cfbfastR-cfb-raw/python/_cfb_raw_utils.py", line 166, in _safe
    return fn(*args, **kwargs)
           ^^^^^^^^^^^^^^^^^^^
  File "/home/runner/work/cfbfastR-cfb-raw/cfbfastR-cfb-raw/python/scrape_cfb_json.py", line 55, in _rosters
    return sdv.cfb.espn_cfb_game_rosters(
           ^^^^^^^^^^^^^^^^^^^^^^^^^^^^^^
  File "/home/runner/work/cfbfastR-cfb-raw/cfbfastR-cfb-raw/.venv/lib/python3.11/site-packages/sportsdataverse/cfb/cfb_game_rosters.py", line 66, in espn_cfb_game_rosters
    team_rosters = helper_cfb_roster_items(items=items, summary_url=summary_url, **kwargs)
                   ^^^^^^^^^^^^^^^^^^^^^^^^^^^^^^^^^^^^^^^^^^^^^^^^^^^^^^^^^^^^^^^^^^^^^^^
  File "/home/runner/work/cfbfastR-cfb-raw/cfbfastR-cfb-raw/.venv/lib/python3.11/site-packages/sportsdataverse/cfb/cfb_game_rosters.py", line 209, in helper_cfb_roster_items
    raise NoESPNDataError(f"NoESPNDataError: No roster data found for any team at {summary_url}")
sportsdataverse.errors.NoESPNDataError: NoESPNDataError: No roster data found for any team at https://sports.core.api.espn.com/v2/sports/football/leagues/college-football/events/401869947/competitions/401869947/competitors
ERROR:cfb_json_2026:extra fetch failed: _rosters(401869947,)
Traceback (most recent call last):
  File "/home/runner/work/cfbfastR-cfb-raw/cfbfastR-cfb-raw/python/_cfb_raw_utils.py", line 166, in _safe
    return fn(*args, **kwargs)
           ^^^^^^^^^^^^^^^^^^^
  File "/home/runner/work/cfbfastR-cfb-raw/cfbfastR-cfb-raw/python/scrape_cfb_json.py", line 55, in _rosters
    return sdv.cfb.espn_cfb_game_rosters(
           ^^^^^^^^^^^^^^^^^^^^^^^^^^^^^^
  File "/home/runner/work/cfbfastR-cfb-raw/cfbfastR-cfb-raw/.venv/lib/python3.11/site-packages/sportsdataverse/cfb/cfb_game_rosters.py", line 66, in espn_cfb_game_rosters
    team_rosters = helper_cfb_roster_items(items=items, summary_url=summary_url, **kwargs)
                   ^^^^^^^^^^^^^^^^^^^^^^^^^^^^^^^^^^^^^^^^^^^^^^^^^^^^^^^^^^^^^^^^^^^^^^^
  File "/home/runner/work/cfbfastR-cfb-raw/cfbfastR-cfb-raw/.venv/lib/python3.11/site-packages/sportsdataverse/cfb/cfb_game_rosters.py", line 209, in helper_cfb_roster_items
    raise NoESPNDataError(f"NoESPNDataError: No roster data found for any team at {summary_url}")
sportsdataverse.errors.NoESPNDataError: NoESPNDataError: No roster data found for any team at https://sports.core.api.espn.com/v2/sports/football/leagues/college-football/events/401869947/competitions/401869947/competitors
cfb 2026: 100%|██████████| 7/7 [00:01<00:00,  5.61it/s]cfb 2026: 100%|██████████| 7/7 [00:01<00:00,  4.96it/s]
[main c7a43c7cf] CFB Raw Update (Start: 2026 End: 2026)
 43 files changed, 42 insertions(+)
 create mode 100644 cfb/betting/json/401856733.json
 create mode 100644 cfb/betting/json/401858425.json
 create mode 100644 cfb/betting/json/401858439.json
 create mode 100644 cfb/betting/json/401858505.json
 create mode 100644 cfb/betting/json/401860883.json
 create mode 100644 cfb/betting/json/401866478.json
 create mode 100644 cfb/betting/json/401869947.json
 create mode 100644 cfb/game_rosters/json/401856733.json
 create mode 100644 cfb/game_rosters/json/401858425.json
 create mode 100644 cfb/game_rosters/json/401858439.json
 create mode 100644 cfb/game_rosters/json/401858505.json
 create mode 100644 cfb/game_rosters/json/401860883.json
 create mode 100644 cfb/game_rosters/json/401866478.json
 create mode 100644 cfb/game_rosters/json/401869947.json
 create mode 100644 cfb/json/final/401856733.json
 create mode 100644 cfb/json/final/401858425.json
 create mode 100644 cfb/json/final/401858439.json
 create mode 100644 cfb/json/final/401858505.json
 create mode 100644 cfb/json/final/401860883.json
 create mode 100644 cfb/json/final/401866478.json
 create mode 100644 cfb/json/final/401869947.json
 create mode 100644 cfb/play_participants/json/401856733.json
 create mode 100644 cfb/play_participants/json/401858425.json
 create mode 100644 cfb/play_participants/json/401858439.json
 create mode 100644 cfb/play_participants/json/401858505.json
 create mode 100644 cfb/play_participants/json/401860883.json
 create mode 100644 cfb/play_participants/json/401866478.json
 create mode 100644 cfb/play_participants/json/401869947.json
 create mode 100644 cfb/power_index/json/401856733.json
 create mode 100644 cfb/power_index/json/401858425.json
 create mode 100644 cfb/power_index/json/401858439.json
 create mode 100644 cfb/power_index/json/401858505.json
 create mode 100644 cfb/power_index/json/401860883.json
 create mode 100644 cfb/power_index/json/401866478.json
 create mode 100644 cfb/power_index/json/401869947.json
 create mode 100644 cfb/team_box_extra/json/401856733.json
 create mode 100644 cfb/team_box_extra/json/401858425.json
 create mode 100644 cfb/team_box_extra/json/401858439.json
 create mode 100644 cfb/team_box_extra/json/401858505.json
 create mode 100644 cfb/team_box_extra/json/401860883.json
 create mode 100644 cfb/team_box_extra/json/401866478.json
 create mode 100644 cfb/team_box_extra/json/401869947.json
To https://github.com/sportsdataverse/cfbfastR-cfb-raw
   a3652bcac..c7a43c7cf  main -> main
