2026-08-27 04:15:44,697 INFO 2003 fbs (group 80): 117 teams
2026-08-27 04:15:44,849 INFO 2003 fcs (group 81): 127 teams
2026-08-27 04:15:51,903 INFO 2003: 244 teams, 39 conferences, 0 incomplete
2026-08-27 04:15:52,048 INFO 2003: wrote cfb\teams\json\2003.json
2026-08-27 06:05:40,683 INFO 2003 root (group 99): 484 teams
2026-08-27 06:05:40,843 INFO 2003 ncaa_division_i (group 90): 244 teams
2026-08-27 06:05:40,985 INFO 2003 fbs (group 80): 117 teams
2026-08-27 06:05:41,133 INFO 2003 fcs (group 81): 127 teams
2026-08-27 06:05:41,287 INFO 2003 division_ii_iii (group 35): 240 teams
2026-08-27 06:05:41,438 INFO 2003 ncaa_division_ii (group 57): 0 teams
2026-08-27 06:05:41,575 INFO 2003 ncaa_division_iii (group 58): 0 teams
2026-08-27 06:05:41,730 INFO 2003 all_star (group 36): 0 teams
2026-08-27 06:05:41,810 INFO 2003: 484 teams (244 reused, 240 to fetch)
2026-08-27 06:05:48,801 INFO 2003: 484 teams, 43 conferences, 0 incomplete
2026-08-27 06:05:48,930 INFO 2003: wrote cfb\teams\json\2003.json
2026-08-27 06:14:19,801 INFO 2003 root (group 99): 484 teams
2026-08-27 06:14:19,935 INFO 2003 ncaa_division_i (group 90): 244 teams
2026-08-27 06:14:20,065 INFO 2003 fbs (group 80): 117 teams
2026-08-27 06:14:20,199 INFO 2003 fcs (group 81): 127 teams
2026-08-27 06:14:20,333 INFO 2003 division_ii_iii (group 35): 240 teams
2026-08-27 06:14:20,470 INFO 2003 ncaa_division_ii (group 57): 0 teams
2026-08-27 06:14:20,606 INFO 2003 ncaa_division_iii (group 58): 0 teams
2026-08-27 06:14:20,736 INFO 2003 all_star (group 36): 0 teams
2026-08-27 06:14:20,870 INFO 2003 naia (group 186): 0 teams
2026-08-27 06:14:20,940 INFO 2003: 484 teams (484 reused, 0 to fetch)
2026-08-27 06:14:20,941 INFO 2003: 484 teams, 43 conferences, 0 incomplete
2026-08-27 06:14:21,059 INFO 2003: wrote cfb\teams\json\2003.json
