2026-08-27 04:16:06,203 INFO 2006 fbs (group 80): 119 teams
2026-08-27 04:16:06,353 INFO 2006 fcs (group 81): 122 teams
2026-08-27 04:16:13,081 INFO 2006: 241 teams, 42 conferences, 0 incomplete
2026-08-27 04:16:13,170 INFO 2006: wrote cfb\teams\json\2006.json
2026-08-27 06:05:58,854 INFO 2006 root (group 99): 514 teams
2026-08-27 06:05:58,998 INFO 2006 ncaa_division_i (group 90): 241 teams
2026-08-27 06:05:59,137 INFO 2006 fbs (group 80): 119 teams
2026-08-27 06:05:59,274 INFO 2006 fcs (group 81): 122 teams
2026-08-27 06:05:59,421 INFO 2006 division_ii_iii (group 35): 273 teams
2026-08-27 06:05:59,568 INFO 2006 ncaa_division_ii (group 57): 0 teams
2026-08-27 06:05:59,707 INFO 2006 ncaa_division_iii (group 58): 0 teams
2026-08-27 06:05:59,879 INFO 2006 all_star (group 36): 0 teams
2026-08-27 06:05:59,955 INFO 2006: 514 teams (241 reused, 273 to fetch)
2026-08-27 06:06:07,925 INFO 2006: 514 teams, 46 conferences, 0 incomplete
2026-08-27 06:06:08,109 INFO 2006: wrote cfb\teams\json\2006.json
2026-08-27 06:14:23,810 INFO 2006 root (group 99): 514 teams
2026-08-27 06:14:23,944 INFO 2006 ncaa_division_i (group 90): 241 teams
2026-08-27 06:14:24,082 INFO 2006 fbs (group 80): 119 teams
2026-08-27 06:14:24,216 INFO 2006 fcs (group 81): 122 teams
2026-08-27 06:14:24,354 INFO 2006 division_ii_iii (group 35): 273 teams
2026-08-27 06:14:24,484 INFO 2006 ncaa_division_ii (group 57): 0 teams
2026-08-27 06:14:24,615 INFO 2006 ncaa_division_iii (group 58): 0 teams
2026-08-27 06:14:24,749 INFO 2006 all_star (group 36): 0 teams
2026-08-27 06:14:24,889 INFO 2006 naia (group 186): 0 teams
2026-08-27 06:14:24,960 INFO 2006: 514 teams (514 reused, 0 to fetch)
2026-08-27 06:14:24,961 INFO 2006: 514 teams, 46 conferences, 0 incomplete
2026-08-27 06:14:25,135 INFO 2006: wrote cfb\teams\json\2006.json
